Log file open, 11/05/25 17:41:39
LogTrace: Initializing trace...
LogTrace: Finished trace initialization.
LogInit: Session CrashGUID >====================================================
         Session CrashGUID >   UECC-Windows-E2713D6042F48E08373F938BD46F00E8
         Session CrashGUID >====================================================
LogConfig: No local boot hotfix file found at: [../../../../../../Users/KGA/Documents/Unreal Projects/KI_Exam02_KSH_ALTF4/ALTF4/Saved/PersistentDownloadDir/HotfixForNextBoot.txt]
LogPluginManager: Mounting Engine plugin PlatformCrypto
LogInit: ExecutableName: UnrealPak.exe
LogInit: Build: ++UE5+Release-5.5-CL-40574608
LogInit: Platform=WindowsEditor
LogInit: MachineId=6afe5ef94e81793bb55250bbdd3e18f8
LogInit: DeviceId=
LogInit: Engine Version: 5.5.4-40574608+++UE5+Release-5.5
LogInit: Compatible Engine Version: 5.5.0-37670630+++UE5+Release-5.5
LogInit: Net CL: 37670630
LogInit: OS: Windows 10 (22H2) [10.0.19045.6456] (), CPU: AMD Ryzen 5 5600G with Radeon Graphics         , GPU: NVIDIA GeForce RTX 5060
LogInit: Compiled (64-bit): Mar  7 2025 14:59:45
LogInit: Architecture: x64
LogInit: Compiled with Visual C++: 19.38.33130.00
LogInit: Build Configuration: Development
LogInit: Branch Name: ++UE5+Release-5.5
LogInit: Command Line: -CreateGlobalContainer="C:\Users\KGA\Documents\Unreal Projects\KI_Exam02_KSH_ALTF4\ALTF4\Saved\StagedBuilds\Windows\ALTF4\Content\Paks\global.utoc" -PackageStoreManifest="C:\Users\KGA\Documents\Unreal Projects\KI_Exam02_KSH_ALTF4\ALTF4\Saved\Cooked\Windows\ALTF4\Metadata\packagestore.manifest" -CookedDirectory="C:\Users\KGA\Documents\Unreal Projects\KI_Exam02_KSH_ALTF4\ALTF4\Saved\Cooked\Windows" -Commands="C:\Users\KGA\AppData\Roaming\Unreal Engine\AutomationTool\Logs\C+Program+Files+Epic+Games+UE_5.5\IoStoreCommands.txt" -ScriptObjects="C:\Users\KGA\Documents\Unreal Projects\KI_Exam02_KSH_ALTF4\ALTF4\Saved\Cooked\Windows\ALTF4\Metadata\scriptobjects.bin" -patchpaddingalign=2048 -compressionformats=Oodle -compresslevel=7 -compressmethod=Kraken -cryptokeys="C:\Users\KGA\Documents\Unreal Projects\KI_Exam02_KSH_ALTF4\ALTF4\Saved\Cooked\Windows\ALTF4\Metadata\Crypto.json" -compressionMinBytesSaved=1024 -compressionMinPercentSaved=5 -WriteBackMetadataToAssetRegistry=Disabled -nopak
LogInit: Base Directory: C:/Program Files/Epic Games/UE_5.5/Engine/Binaries/Win64/
LogInit: Allocator: Mimalloc
LogInit: Installed Engine Build: 1
LogInit: This binary is optimized with LTO: no, PGO: no, instrumented for PGO data collection: no
LogDevObjectVersion: Number of dev versions registered: 35
LogDevObjectVersion:   Dev-Blueprints (B0D832E4-1F89-4F0D-ACCF-7EB736FD4AA2): 10
LogDevObjectVersion:   Dev-Build (E1C64328-A22C-4D53-A36C-8E866417BD8C): 0
LogDevObjectVersion:   Dev-Core (375EC13C-06E4-48FB-B500-84F0262A717E): 4
LogDevObjectVersion:   Dev-Editor (E4B068ED-F494-42E9-A231-DA0B2E46BB41): 40
LogDevObjectVersion:   Dev-Framework (CFFC743F-43B0-4480-9391-14DF171D2073): 37
LogDevObjectVersion:   Dev-Mobile (B02B49B5-BB20-44E9-A304-32B752E40360): 3
LogDevObjectVersion:   Dev-Networking (A4E4105C-59A1-49B5-A7C5-40C4547EDFEE): 0
LogDevObjectVersion:   Dev-Online (39C831C9-5AE6-47DC-9A44-9C173E1C8E7C): 0
LogDevObjectVersion:   Dev-Physics (78F01B33-EBEA-4F98-B9B4-84EACCB95AA2): 20
LogDevObjectVersion:   Dev-Platform (6631380F-2D4D-43E0-8009-CF276956A95A): 0
LogDevObjectVersion:   Dev-Rendering (12F88B9F-8875-4AFC-A67C-D90C383ABD29): 49
LogDevObjectVersion:   Dev-Sequencer (7B5AE74C-D270-4C10-A958-57980B212A5A): 13
LogDevObjectVersion:   Dev-VR (D7296918-1DD6-4BDD-9DE2-64A83CC13884): 3
LogDevObjectVersion:   Dev-LoadTimes (C2A15278-BFE7-4AFE-6C17-90FF531DF755): 1
LogDevObjectVersion:   Private-Geometry (6EACA3D4-40EC-4CC1-B786-8BED09428FC5): 3
LogDevObjectVersion:   Dev-AnimPhys (29E575DD-E0A3-4627-9D10-D276232CDCEA): 17
LogDevObjectVersion:   Dev-Anim (AF43A65D-7FD3-4947-9873-3E8ED9C1BB05): 15
LogDevObjectVersion:   Dev-ReflectionCapture (6B266CEC-1EC7-4B8F-A30B-E4D90942FC07): 1
LogDevObjectVersion:   Dev-Automation (0DF73D61-A23F-47EA-B727-89E90C41499A): 1
LogDevObjectVersion:   FortniteMain (601D1886-AC64-4F84-AA16-D3DE0DEAC7D6): 170
LogDevObjectVersion:   FortniteValkyrie (8DBC2C5B-54A7-43E0-A768-FCBB7DA29060): 8
LogDevObjectVersion:   FortniteSeason (5B4C06B7-2463-4AF8-805B-BF70CDF5D0DD): 13
LogDevObjectVersion:   FortniteRelease (E7086368-6B23-4C58-8439-1B7016265E91): 15
LogDevObjectVersion:   Dev-Enterprise (9DFFBCD6-494F-0158-E221-12823C92A888): 10
LogDevObjectVersion:   Dev-Niagara (F2AED0AC-9AFE-416F-8664-AA7FFA26D6FC): 1
LogDevObjectVersion:   Dev-Destruction (174F1F0B-B4C6-45A5-B13F-2EE8D0FB917D): 10
LogDevObjectVersion:   Dev-Physics-Ext (35F94A83-E258-406C-A318-09F59610247C): 41
LogDevObjectVersion:   Dev-PhysicsMaterial-Chaos (B68FC16E-8B1B-42E2-B453-215C058844FE): 1
LogDevObjectVersion:   Dev-CineCamera (B2E18506-4273-CFC2-A54E-F4BB758BBA07): 1
LogDevObjectVersion:   Dev-VirtualProduction (64F58936-FD1B-42BA-BA96-7289D5D0FA4E): 1
LogDevObjectVersion:   UE5-Main (697DD581-E64F-41AB-AA4A-51ECBEB7B628): 119
LogDevObjectVersion:   UE5-Release (D89B5E42-24BD-4D46-8412-ACA8DF641779): 51
LogDevObjectVersion:   UE5-PrivateFrosty (59DA5D52-1232-4948-B878-597870B8E98B): 8
LogDevObjectVersion:   Dev-MediaFramework (6F0ED827-A609-4895-9C91-998D90180EA4): 2
LogDevObjectVersion:   Dev-NaniteResearch (30D58BE3-95EA-4282-A6E3-B159D8EBB06A): 1
LogConfig: Branch 'PlatformCrypto' had been unloaded. Reloading on-demand took 1.43ms
LogInit: Presizing for max 100000 objects, including 0 objects not considered by GC.
LogInit: Object subsystem initialized
LogConfig: Applying CVar settings from Section [Startup] File [../../../Engine/Config/ConsoleVariables.ini]
LogConfig: CVar [[r.DumpShaderDebugInfo:2]] deferred - dummy variable created
LogConfig: CVar [[p.chaos.AllowCreatePhysxBodies:1]] deferred - dummy variable created
LogConfig: CVar [[fx.SkipVectorVMBackendOptimizations:1]] deferred - dummy variable created
LogConfig: CVar [[ds.CADTranslator.Meshing.ActivateThinZoneMeshing:0]] deferred - dummy variable created
LogConfig: CVar [[ds.CADTranslator.Stitching.RemoveThinFaces:0]] deferred - dummy variable created
LogConfig: Applying CVar settings from Section [Startup_Windows] File [../../../Engine/Config/ConsoleVariables.ini]
LogConfig: Applying CVar settings from Section [ConsoleVariables] File [Engine]
LogConfig: Set CVar [[memory.MemoryPressureCriticalThresholdMB:512]]
[2025.11.05-08.41.39:753][  0]LogInit: Computer: DESKTOP-S0E8UR3
[2025.11.05-08.41.39:753][  0]LogInit: User: KGA
[2025.11.05-08.41.39:753][  0]LogInit: CPU Page size=4096, Cores=6
[2025.11.05-08.41.39:753][  0]LogInit: High frequency timer resolution =10.000000 MHz
[2025.11.05-08.41.39:857][  0]LogMemory: Process is running as part of a Windows Job with separate resource limits
[2025.11.05-08.41.39:857][  0]LogMemory: Memory total: Physical=31.8GB (32GB approx) Virtual=36.5GB
[2025.11.05-08.41.39:857][  0]LogMemory: Platform Memory Stats for WindowsEditor
[2025.11.05-08.41.39:857][  0]LogMemory: Process Physical Memory: 54.30 MB used, 54.91 MB peak
[2025.11.05-08.41.39:857][  0]LogMemory: Process Virtual Memory: 111.17 MB used, 111.17 MB peak
[2025.11.05-08.41.39:857][  0]LogMemory: Physical Memory: 11572.68 MB used,  20978.24 MB free, 32550.92 MB total
[2025.11.05-08.41.39:857][  0]LogMemory: Virtual Memory: 16578.57 MB used,  20836.34 MB free, 37414.92 MB total
[2025.11.05-08.41.39:864][  0]LogAssetRegistry: FAssetRegistry took 0.0001 seconds to start up
[2025.11.05-08.41.39:864][  0]LogUObjectArray: 438 objects as part of root set at end of initial load.
[2025.11.05-08.41.39:864][  0]LogUObjectArray: CloseDisregardForGC: 0/0 objects in disregard for GC pool
[2025.11.05-08.41.39:865][  0]LogInit: Using OS detected language ().
[2025.11.05-08.41.39:865][  0]LogInit: Using OS detected locale ().
[2025.11.05-08.41.39:865][  0]LogTextLocalizationManager: No localization for '' exists, so 'en' will be used for the language.
[2025.11.05-08.41.39:866][  0]LogTextLocalizationManager: No localization for '' exists, so 'en' will be used for the locale.
[2025.11.05-08.41.39:866][  0]LogInit: Using OS detected language ().
[2025.11.05-08.41.39:866][  0]LogInit: Using OS detected locale ().
[2025.11.05-08.41.39:866][  0]LogTextLocalizationManager: No localization for '' exists, so 'en' will be used for the language.
[2025.11.05-08.41.39:866][  0]LogTextLocalizationManager: No localization for '' exists, so 'en' will be used for the locale.
[2025.11.05-08.41.39:866][  0]LogPakFile: Display: ProjectDir: ../../../../../../Users/KGA/Documents/Unreal Projects/KI_Exam02_KSH_ALTF4/ALTF4/
[2025.11.05-08.41.39:867][  0]LogIoStore: Display: ==================== IoStore Utils ====================
[2025.11.05-08.41.39:867][  0]LogIoStore: Display: Parsing crypto keys from a crypto key cache file 'C:\Users\KGA\Documents\Unreal Projects\KI_Exam02_KSH_ALTF4\ALTF4\Saved\Cooked\Windows\ALTF4\Metadata\Crypto.json'
[2025.11.05-08.41.39:867][  0]LogIoStore: Display: Container signing - DISABLED
[2025.11.05-08.41.39:867][  0]LogIoStore: Display: Directory index - ENABLED
[2025.11.05-08.41.39:867][  0]LogIoStore: Display: Using compression format 'Oodle'
[2025.11.05-08.41.39:867][  0]LogIoStore: Display: Using memory mapping alignment '16384'
[2025.11.05-08.41.39:867][  0]LogIoStore: Display: Using compression block size '65536'
[2025.11.05-08.41.39:867][  0]LogIoStore: Display: Using compression block alignment '2048'
[2025.11.05-08.41.39:867][  0]LogIoStore: Display: Using compression min bytes saved '1024'
[2025.11.05-08.41.39:867][  0]LogIoStore: Display: Using compression min percent saved '5'
[2025.11.05-08.41.39:867][  0]LogIoStore: Display: Using max partition size '0'
[2025.11.05-08.41.39:867][  0]LogIoStore: Display: Not using DDC for compression
[2025.11.05-08.41.39:867][  0]LogIoStore: Display: Using command list file: 'C:\Users\KGA\AppData\Roaming\Unreal Engine\AutomationTool\Logs\C+Program+Files+Epic+Games+UE_5.5\IoStoreCommands.txt'
[2025.11.05-08.41.39:877][  0]LogIoStore: Display: Selected Oodle level 7 (Optimal3) from command line for shaders
[2025.11.05-08.41.39:878][  0]LogIoStore: Display: Fetched 2305 oplog items from Manifest in 0.00 seconds
[2025.11.05-08.41.39:887][  0]LogIoStore: Display: Parsed 2305 oplog items 0.01 seconds, 2999 chunks
[2025.11.05-08.41.39:899][  0]LogIoStore: Display: Using input asset registry: C:/Users/KGA/Documents/Unreal Projects/KI_Exam02_KSH_ALTF4/ALTF4/Saved/Cooked/Windows/ALTF4/Metadata/DevelopmentAssetRegistry.bin
[2025.11.05-08.41.39:913][  0]LogIoStore: Display: Loaded 737 chunk hashes from AssetRegistry in 0.03 seconds, 737 hashes updated in 0.00 seconds
[2025.11.05-08.41.39:914][  0]LogIoStore: Display: Searching for cooked assets in folder 'C:\Users\KGA\Documents\Unreal Projects\KI_Exam02_KSH_ALTF4\ALTF4\Saved\Cooked\Windows'
[2025.11.05-08.41.39:961][  0]LogIoStore: Display: Found '5269' files
[2025.11.05-08.41.39:976][  0]LogIoStore: Display: Creating container targets...
[2025.11.05-08.41.39:987][  0]OodleDataCompression: Display: Oodle v2.9.12 format for pak/iostore with method=Kraken, level=7=Optimal3
[2025.11.05-08.41.40:028][  0]LogIoStore: Display: Parsing packages...
[2025.11.05-08.41.40:029][  0]LogIoStore: Display: Reading package assets...
[2025.11.05-08.41.40:035][  0]LogIoStore: Display: Reading 1000/2262: 'C:/Users/KGA/Documents/Unreal Projects/KI_Exam02_KSH_ALTF4/ALTF4/Saved/Cooked/Windows/Engine/Plugins/Interchange/Runtime/Content/Pipelines/DefaultMaterialPipeline.uasset'
[2025.11.05-08.41.40:042][  0]LogIoStore: Display: Reading 2000/2262: 'C:/Users/KGA/Documents/Unreal Projects/KI_Exam02_KSH_ALTF4/ALTF4/Saved/Cooked/Windows/ALTF4/Content/UIImage/Widget/0_PadAndKeyboard_Image/Keyboard/05-4_R_ALT.uasset'
[2025.11.05-08.41.40:043][  0]LogIoStore: Display: Packages read 2,262 files in 0.01 seconds, 3,392,236 total bytes, 235,380,698 bytes per second
[2025.11.05-08.41.40:051][  0]LogIoStore: Display: Processing shader libraries, compressing with Oodle Mermaid, level 7 (Optimal3)
[2025.11.05-08.41.40:056][  0]LogShaderLibrary: Display: Created IoStoreShaderArchive header: shaders grouped in 343 groups (122 of them didn't need new indices), average uncompressed size 62496 bytes, min 490 bytes, max 965040 bytes (r.ShaderCodeLibrary.MaxShaderGroupSize=1048576)
[2025.11.05-08.41.40:852][  0]LogIoStore: Display: ALTF4-PCD3D_SM5(PCD3D_SM5): Recompressed 1858 shaders as 343 groups. Library size changed from 5933 KB (3.53 : 1 ratio) to 2174 KB (9.63 : 1 ratio), 36.65% of previous.
[2025.11.05-08.41.40:869][  0]LogShaderLibrary: Display: Created IoStoreShaderArchive header: shaders grouped in 387 groups (87 of them didn't need new indices), average uncompressed size 116502 bytes, min 2342 bytes, max 928593 bytes (r.ShaderCodeLibrary.MaxShaderGroupSize=1048576)
[2025.11.05-08.41.42:309][  0]LogIoStore: Display: ALTF4-PCD3D_SM6(PCD3D_SM6): Recompressed 3540 shaders as 387 groups. Library size changed from 33623 KB (1.31 : 1 ratio) to 21039 KB (2.09 : 1 ratio), 62.57% of previous.
[2025.11.05-08.41.42:321][  0]LogShaderLibrary: Display: Created IoStoreShaderArchive header: shaders grouped in 360 groups (135 of them didn't need new indices), average uncompressed size 155800 bytes, min 249 bytes, max 1047981 bytes (r.ShaderCodeLibrary.MaxShaderGroupSize=1048576)
[2025.11.05-08.41.43:963][  0]LogIoStore: Display: Global-PCD3D_SM5(PCD3D_SM5): Recompressed 3915 shaders as 360 groups. Library size changed from 12619 KB (4.34 : 1 ratio) to 4045 KB (13.54 : 1 ratio), 32.06% of previous.
[2025.11.05-08.41.43:989][  0]LogShaderLibrary: Display: Created IoStoreShaderArchive header: shaders grouped in 542 groups (183 of them didn't need new indices), average uncompressed size 211303 bytes, min 1249 bytes, max 1045875 bytes (r.ShaderCodeLibrary.MaxShaderGroupSize=1048576)
[2025.11.05-08.41.48:178][  0]LogIoStore: Display: Global-PCD3D_SM6(PCD3D_SM6): Recompressed 7584 shaders as 542 groups. Library size changed from 85603 KB (1.31 : 1 ratio) to 44660 KB (2.50 : 1 ratio), 52.17% of previous.
[2025.11.05-08.41.48:187][  0]LogIoStore: Display: Shaders processed in 8.14 seconds
[2025.11.05-08.41.48:188][  0]LogIoStore: Display: Initialized WriteRequestManager with MaxConcurrentSourceReads=6 (12 cores), MaxSourceBufferMemory=3072MiB
[2025.11.05-08.41.48:195][  0]LogIoStore: Display: Processing redirects...
[2025.11.05-08.41.48:196][  0]LogIoStore: Display: Creating disk layout...
[2025.11.05-08.41.48:201][  0]LogIoStore: Display: Ordered 2262 packages using fallback bundle order
[2025.11.05-08.41.48:218][  0]LogIoStore: Display: Serializing container(s)...
[2025.11.05-08.41.50:218][  0]LogIoStore: Display: Writing chunks 1511/4635... [290 compressed] [9769 compression tasks] [Physical: 2626 MiB, Virtual: 5631 MiB]
[2025.11.05-08.41.52:231][  0]LogIoStore: Display: Writing chunks 1706/4635... [473 compressed] [9542 compression tasks] [Physical: 2675 MiB, Virtual: 5665 MiB]
[2025.11.05-08.41.54:242][  0]LogIoStore: Display: Writing chunks 1708/4635... [475 compressed] [9672 compression tasks] [Physical: 2680 MiB, Virtual: 5665 MiB]
[2025.11.05-08.41.56:259][  0]LogIoStore: Display: Writing chunks 1710/4635... [477 compressed] [9645 compression tasks] [Physical: 2708 MiB, Virtual: 5676 MiB]
[2025.11.05-08.41.58:260][  0]LogIoStore: Display: Writing chunks 1714/4635... [481 compressed] [9752 compression tasks] [Physical: 2716 MiB, Virtual: 5665 MiB]
[2025.11.05-08.42.00:275][  0]LogIoStore: Display: Writing chunks 1714/4635... [481 compressed] [9580 compression tasks] [Physical: 2734 MiB, Virtual: 5675 MiB]
[2025.11.05-08.42.02:282][  0]LogIoStore: Display: Writing chunks 1718/4635... [485 compressed] [9809 compression tasks] [Physical: 2744 MiB, Virtual: 5659 MiB]
[2025.11.05-08.42.04:299][  0]LogIoStore: Display: Writing chunks 1720/4635... [487 compressed] [9717 compression tasks] [Physical: 2745 MiB, Virtual: 5638 MiB]
[2025.11.05-08.42.06:318][  0]LogIoStore: Display: Writing chunks 1724/4635... [491 compressed] [9545 compression tasks] [Physical: 2721 MiB, Virtual: 5591 MiB]
[2025.11.05-08.42.08:332][  0]LogIoStore: Display: Writing chunks 1728/4635... [495 compressed] [9374 compression tasks] [Physical: 2696 MiB, Virtual: 5546 MiB]
[2025.11.05-08.42.10:340][  0]LogIoStore: Display: Writing chunks 1728/4635... [495 compressed] [9216 compression tasks] [Physical: 2709 MiB, Virtual: 5546 MiB]
[2025.11.05-08.42.12:344][  0]LogIoStore: Display: Writing chunks 1730/4635... [497 compressed] [9036 compression tasks] [Physical: 2660 MiB, Virtual: 5476 MiB]
[2025.11.05-08.42.14:353][  0]LogIoStore: Display: Writing chunks 2125/4635... [766 compressed] [8589 compression tasks] [Physical: 2655 MiB, Virtual: 5438 MiB]
[2025.11.05-08.42.16:353][  0]LogIoStore: Display: Writing chunks 2470/4635... [1023 compressed] [8134 compression tasks] [Physical: 2641 MiB, Virtual: 5394 MiB]
[2025.11.05-08.42.18:356][  0]LogIoStore: Display: Writing chunks 2637/4635... [1151 compressed] [7807 compression tasks] [Physical: 2634 MiB, Virtual: 5358 MiB]
[2025.11.05-08.42.20:356][  0]LogIoStore: Display: Writing chunks 2870/4635... [1337 compressed] [7429 compression tasks] [Physical: 2642 MiB, Virtual: 5337 MiB]
[2025.11.05-08.42.22:357][  0]LogIoStore: Display: Writing chunks 3012/4635... [1460 compressed] [7077 compression tasks] [Physical: 2650 MiB, Virtual: 5285 MiB]
[2025.11.05-08.42.24:357][  0]LogIoStore: Display: Writing chunks 3206/4635... [1623 compressed] [6677 compression tasks] [Physical: 2663 MiB, Virtual: 5272 MiB]
[2025.11.05-08.42.26:360][  0]LogIoStore: Display: Writing chunks 3380/4635... [1781 compressed] [6300 compression tasks] [Physical: 2685 MiB, Virtual: 5267 MiB]
[2025.11.05-08.42.28:361][  0]LogIoStore: Display: Writing chunks 3529/4635... [1915 compressed] [5964 compression tasks] [Physical: 2705 MiB, Virtual: 5262 MiB]
[2025.11.05-08.42.30:361][  0]LogIoStore: Display: Writing chunks 3679/4635... [2056 compressed] [5603 compression tasks] [Physical: 2723 MiB, Virtual: 5255 MiB]
[2025.11.05-08.42.32:364][  0]LogIoStore: Display: Writing chunks 3779/4635... [2150 compressed] [5316 compression tasks] [Physical: 2736 MiB, Virtual: 5246 MiB]
[2025.11.05-08.42.34:373][  0]LogIoStore: Display: Writing chunks 3813/4635... [2180 compressed] [5040 compression tasks] [Physical: 2732 MiB, Virtual: 5185 MiB]
[2025.11.05-08.42.36:374][  0]LogIoStore: Display: Writing chunks 3900/4635... [2265 compressed] [4769 compression tasks] [Physical: 2756 MiB, Virtual: 5174 MiB]
[2025.11.05-08.42.38:378][  0]LogIoStore: Display: Writing chunks 3917/4635... [2282 compressed] [4581 compression tasks] [Physical: 2758 MiB, Virtual: 5146 MiB]
[2025.11.05-08.42.40:378][  0]LogIoStore: Display: Writing chunks 3940/4635... [2305 compressed] [4367 compression tasks] [Physical: 2775 MiB, Virtual: 5129 MiB]
[2025.11.05-08.42.42:395][  0]LogIoStore: Display: Writing chunks 3968/4635... [2333 compressed] [4129 compression tasks] [Physical: 2771 MiB, Virtual: 5089 MiB]
[2025.11.05-08.42.44:395][  0]LogIoStore: Display: Writing chunks 3999/4635... [2364 compressed] [3893 compression tasks] [Physical: 2778 MiB, Virtual: 5054 MiB]
[2025.11.05-08.42.46:398][  0]LogIoStore: Display: Writing chunks 4036/4635... [2401 compressed] [3689 compression tasks] [Physical: 2801 MiB, Virtual: 5049 MiB]
[2025.11.05-08.42.48:398][  0]LogIoStore: Display: Writing chunks 4067/4635... [2433 compressed] [3457 compression tasks] [Physical: 2810 MiB, Virtual: 5013 MiB]
[2025.11.05-08.42.50:403][  0]LogIoStore: Display: Writing chunks 4104/4635... [2469 compressed] [3234 compression tasks] [Physical: 2840 MiB, Virtual: 5010 MiB]
[2025.11.05-08.42.52:408][  0]LogIoStore: Display: Writing chunks 4124/4635... [2489 compressed] [2997 compression tasks] [Physical: 2844 MiB, Virtual: 4976 MiB]
[2025.11.05-08.42.54:415][  0]LogIoStore: Display: Writing chunks 4137/4635... [2502 compressed] [2773 compression tasks] [Physical: 2838 MiB, Virtual: 4930 MiB]
[2025.11.05-08.42.56:421][  0]LogIoStore: Display: Writing chunks 4165/4635... [2530 compressed] [2536 compression tasks] [Physical: 2832 MiB, Virtual: 4878 MiB]
[2025.11.05-08.42.58:439][  0]LogIoStore: Display: Writing chunks 4179/4635... [2544 compressed] [2324 compression tasks] [Physical: 2823 MiB, Virtual: 4831 MiB]
[2025.11.05-08.43.00:446][  0]LogIoStore: Display: Writing chunks 4197/4635... [2562 compressed] [2080 compression tasks] [Physical: 2813 MiB, Virtual: 4765 MiB]
[2025.11.05-08.43.02:451][  0]LogIoStore: Display: Writing chunks 4223/4635... [2588 compressed] [1833 compression tasks] [Physical: 2816 MiB, Virtual: 4720 MiB]
[2025.11.05-08.43.04:451][  0]LogIoStore: Display: Writing chunks 4270/4635... [2637 compressed] [1612 compression tasks] [Physical: 2823 MiB, Virtual: 4696 MiB]
[2025.11.05-08.43.06:452][  0]LogIoStore: Display: Writing chunks 4322/4635... [2687 compressed] [1305 compression tasks] [Physical: 2833 MiB, Virtual: 4688 MiB]
[2025.11.05-08.43.08:452][  0]LogIoStore: Display: Writing chunks 4396/4635... [2761 compressed] [944 compression tasks] [Physical: 2789 MiB, Virtual: 4628 MiB]
[2025.11.05-08.43.10:453][  0]LogIoStore: Display: Writing chunks 4502/4635... [2867 compressed] [588 compression tasks] [Physical: 2774 MiB, Virtual: 4598 MiB]
[2025.11.05-08.43.12:454][  0]LogIoStore: Display: Writing chunks 4585/4635... [2950 compressed] [277 compression tasks] [Physical: 2773 MiB, Virtual: 4589 MiB]
[2025.11.05-08.43.13:895][  0]LogIoStore: Display: Writing and compressing took 85.39 seconds, writes to disk took 0.90 seconds for 1,099,589,632 bytes @ 1,226,028,477 bytes per second.
[2025.11.05-08.43.13:895][  0]LogIoStore: Display: global: Found perfect hashmap for 1 items.
[2025.11.05-08.43.13:896][  0]LogIoStore: Display: ALTF4-Windows: Found perfect hashmap for 4634 items.
[2025.11.05-08.43.13:907][  0]LogIoStore: Display: Finalize took 0.0 seconds for 2 writers to write 835,580 bytes, 68,377,508 bytes per second
[2025.11.05-08.43.13:907][  0]LogIoStore: Display: Writing tocs... [Physical: 2753 MiB, Virtual: 4555 MiB]
[2025.11.05-08.43.13:907][  0]LogIoStore: Display: 737 / 4,635 hashes were loaded from the hash database, by type:
[2025.11.05-08.43.13:907][  0]LogIoStore: Display:     BulkData                   737
[2025.11.05-08.43.13:907][  0]LogIoStore: Display: 2,999 / 4,635 chunks attempted to compress, by type:
[2025.11.05-08.43.13:908][  0]LogIoStore: Display:     ExportBundleData           2,262 / 2,262
[2025.11.05-08.43.13:908][  0]LogIoStore: Display:     BulkData                   737 / 737
[2025.11.05-08.43.13:908][  0]LogIoStore: Display:     ScriptObjects              0 / 1
[2025.11.05-08.43.13:908][  0]LogIoStore: Display:     ContainerHeader            0 / 1
[2025.11.05-08.43.13:908][  0]LogIoStore: Display:     ShaderCodeLibrary          0 / 4
[2025.11.05-08.43.13:908][  0]LogIoStore: Display:     ShaderCode                 0 / 1,630
[2025.11.05-08.43.13:908][  0]LogIoStore: Display: Source bytes read:
[2025.11.05-08.43.13:908][  0]LogIoStore: Display:     Zen:                                  0
[2025.11.05-08.43.13:908][  0]LogIoStore: Display:     Loose File:               3,511,661,137
[2025.11.05-08.43.13:908][  0]LogIoStore: Display:         ExportBundleData       2,377,613,936 bytes over 4,524 reads
[2025.11.05-08.43.13:908][  0]LogIoStore: Display:         BulkData               1,134,047,201 bytes over 737 reads
[2025.11.05-08.43.13:908][  0]LogIoStore: Display:     Memory:                     148,682,876
[2025.11.05-08.43.13:908][  0]LogIoStore: Display:         ShaderCodeLibrary         1,395,584 bytes over 8 reads
[2025.11.05-08.43.13:908][  0]LogIoStore: Display:         ShaderCode              147,287,292 bytes over 3,260 reads
[2025.11.05-08.43.13:908][  0]LogIoStore: Display: Calculating stats...
[2025.11.05-08.43.13:908][  0]LogIoStore: Display: 
[2025.11.05-08.43.13:908][  0]LogIoStore: Display: Container Summary
[2025.11.05-08.43.13:908][  0]LogIoStore: Display: ==================
[2025.11.05-08.43.13:908][  0]LogIoStore: Display: 
[2025.11.05-08.43.13:908][  0]LogIoStore: Display: Container                                               Flags      Chunk(s) #       TOC (KiB)       Raw Size (MiB)           Size (MiB)
[2025.11.05-08.43.13:908][  0]LogIoStore: Display: ----------------------------------------------------------------------------------------------------------------------------------------------
[2025.11.05-08.43.13:908][  0]LogIoStore: Display: global                                              -/-/-/-/-               1            0.63                 2.32                 2.32 -
[2025.11.05-08.43.13:908][  0]LogIoStore: Display: ALTF4-Windows                                       C/-/-/I/-            4634          815.36              2291.84              1046.33 (54.35% Oodle)
[2025.11.05-08.43.13:908][  0]LogIoStore: Display: ----------------------------------------------------------------------------------------------------------------------------------------------
[2025.11.05-08.43.13:908][  0]LogIoStore: Display: Total                                                                    4635          816.00              2294.16              1048.65
[2025.11.05-08.43.13:908][  0]LogIoStore: Display: 
[2025.11.05-08.43.13:908][  0]LogIoStore: Display: ** Flags: (C)ompressed / (E)ncrypted / (S)igned) / (I)ndexed) / (O)nDemand **
[2025.11.05-08.43.13:908][  0]LogIoStore: Display: 
[2025.11.05-08.43.13:908][  0]LogIoStore: Display: Compression block padding:     3.62 MiB
[2025.11.05-08.43.13:908][  0]LogIoStore: Display: 
[2025.11.05-08.43.13:908][  0]LogIoStore: Display: Container Directory Index
[2025.11.05-08.43.13:908][  0]LogIoStore: Display: ==========================
[2025.11.05-08.43.13:908][  0]LogIoStore: Display: 
[2025.11.05-08.43.13:908][  0]LogIoStore: Display: Container                                          Size (KiB)
[2025.11.05-08.43.13:908][  0]LogIoStore: Display: ----------------------------------------------------------------------------------------------------------------------------------------------
[2025.11.05-08.43.13:908][  0]LogIoStore: Display: global                                                   0.00
[2025.11.05-08.43.13:908][  0]LogIoStore: Display: ALTF4-Windows                                          127.88
[2025.11.05-08.43.13:908][  0]LogIoStore: Display: 
[2025.11.05-08.43.13:908][  0]LogIoStore: Display: Container Patch Report
[2025.11.05-08.43.13:908][  0]LogIoStore: Display: ========================
[2025.11.05-08.43.13:908][  0]LogIoStore: Display: 
[2025.11.05-08.43.13:908][  0]LogIoStore: Display: Container                                             Total #       Modified #          Added #   Modified (MiB)      Added (MiB)
[2025.11.05-08.43.13:908][  0]LogIoStore: Display: ----------------------------------------------------------------------------------------------------------------------------------------------
[2025.11.05-08.43.13:908][  0]LogIoStore: Display: global                                                      1                0                0             0.00             0.00
[2025.11.05-08.43.13:908][  0]LogIoStore: Display: ALTF4-Windows                                            4634                0             4634             0.00          1042.71
[2025.11.05-08.43.13:909][  0]LogIoStore: Display: 
[2025.11.05-08.43.13:909][  0]LogIoStore: Display: PackageStore
[2025.11.05-08.43.13:909][  0]LogIoStore: Display: =============
[2025.11.05-08.43.13:909][  0]LogIoStore: Display: 
[2025.11.05-08.43.13:909][  0]LogIoStore: Display: Container                                          Size (KiB)      Packages #     Localized #
[2025.11.05-08.43.13:909][  0]LogIoStore: Display: ----------------------------------------------------------------------------------------------------------------------------------------------
[2025.11.05-08.43.13:909][  0]LogIoStore: Display: ALTF4-Windows                                              65            2262               0
[2025.11.05-08.43.13:909][  0]LogIoStore: Display: ----------------------------------------------------------------------------------------------------------------------------------------------
[2025.11.05-08.43.13:909][  0]LogIoStore: Display: Total                                                      65            2262               0
[2025.11.05-08.43.13:909][  0]LogIoStore: Display: 
[2025.11.05-08.43.13:909][  0]LogIoStore: Display: 
[2025.11.05-08.43.13:909][  0]LogIoStore: Display: Input:      2262 Packages
[2025.11.05-08.43.13:909][  0]LogIoStore: Display: Input:      1.11 GB UExp
[2025.11.05-08.43.13:909][  0]LogIoStore: Display: Input:      0.00 GB UAsset
[2025.11.05-08.43.13:909][  0]LogIoStore: Display: Input:      1.06 GB UBulk
[2025.11.05-08.43.13:909][  0]LogIoStore: Display: Input:     47.56 MB for 902 Global shaders
[2025.11.05-08.43.13:909][  0]LogIoStore: Display: Input:      3.43 MB for 277 Shared shaders
[2025.11.05-08.43.13:909][  0]LogIoStore: Display: Input:      0.00 MB for 0 Unique shaders
[2025.11.05-08.43.13:909][  0]LogIoStore: Display: Input:     19.24 MB for 451 Inline shaders
[2025.11.05-08.43.13:909][  0]LogIoStore: Display: 
[2025.11.05-08.43.13:909][  0]LogIoStore: Display: Output:    17456 Name map entries
[2025.11.05-08.43.13:909][  0]LogIoStore: Display: Output:     2361 Imported package entries
[2025.11.05-08.43.13:909][  0]LogIoStore: Display: Output:     1551 Packages without imports
[2025.11.05-08.43.13:909][  0]LogIoStore: Display: Output:        0 Public runtime script objects
[2025.11.05-08.43.13:909][  0]LogIoStore: Display: Output:     0.00 GB HeaderData
[2025.11.05-08.43.13:909][  0]LogIoStore: Display: Output:     2.32 MB InitialLoadData
[2025.11.05-08.43.13:909][  0]LogIoStore: Display: 
[2025.11.05-08.43.13:914][  0]LogPakFile: Display: UnrealPak executed in 94.047912 seconds
[2025.11.05-08.43.13:921][  0]LogCore: Engine exit requested (reason: UnrealPak Exiting)
[2025.11.05-08.43.13:921][  0]LogExit: Preparing to exit.
[2025.11.05-08.43.13:922][  0]LogExit: Object subsystem successfully closed.
[2025.11.05-08.43.13:922][  0]LogPakFile: Destroying PakPlatformFile
[2025.11.05-08.43.13:923][  0]LogExit: Exiting.
[2025.11.05-08.43.13:932][  0]Log file closed, 11/05/25 17:43:13
