Log file open, 11/05/25 22:26:30
LogTrace: Initializing trace...
LogTrace: Finished trace initialization.
LogInit: Session CrashGUID >====================================================
         Session CrashGUID >   UECC-Windows-D415C2CF4FFC047C2DCA01BF89F7B188
         Session CrashGUID >====================================================
LogConfig: No local boot hotfix file found at: [../../../../../../Users/tomat/Documents/GitHub/KI_Exam02_KSH_ALTF4/ALTF4/Saved/PersistentDownloadDir/HotfixForNextBoot.txt]
LogPluginManager: Mounting Engine plugin PlatformCrypto
LogInit: ExecutableName: UnrealPak.exe
LogInit: Build: ++UE5+Release-5.5-CL-40574608
LogInit: Platform=WindowsEditor
LogInit: MachineId=043d5adf4d9649d24d9e108302b9da65
LogInit: DeviceId=
LogInit: Engine Version: 5.5.4-40574608+++UE5+Release-5.5
LogInit: Compatible Engine Version: 5.5.0-37670630+++UE5+Release-5.5
LogInit: Net CL: 37670630
LogInit: OS: Windows 11 (24H2) [10.0.26100.6899] (), CPU: AMD Ryzen 7 7800X3D 8-Core Processor           , GPU: NVIDIA GeForce RTX 5070
LogInit: Compiled (64-bit): Mar  7 2025 14:59:45
LogInit: Architecture: x64
LogInit: Compiled with Visual C++: 19.38.33130.00
LogInit: Build Configuration: Development
LogInit: Branch Name: ++UE5+Release-5.5
LogInit: Command Line: -CreateGlobalContainer=C:\Users\tomat\Documents\GitHub\KI_Exam02_KSH_ALTF4\ALTF4\Saved\StagedBuilds\Windows\ALTF4\Content\Paks\global.utoc -PackageStoreManifest=C:\Users\tomat\Documents\GitHub\KI_Exam02_KSH_ALTF4\ALTF4\Saved\Cooked\Windows\ALTF4\Metadata\packagestore.manifest -CookedDirectory=C:\Users\tomat\Documents\GitHub\KI_Exam02_KSH_ALTF4\ALTF4\Saved\Cooked\Windows -Commands="C:\Users\tomat\AppData\Roaming\Unreal Engine\AutomationTool\Logs\C+Program+Files+Epic+Games+UE_5.5\IoStoreCommands.txt" -ScriptObjects=C:\Users\tomat\Documents\GitHub\KI_Exam02_KSH_ALTF4\ALTF4\Saved\Cooked\Windows\ALTF4\Metadata\scriptobjects.bin -patchpaddingalign=2048 -compressionformats=Oodle -compresslevel=7 -compressmethod=Kraken -cryptokeys=C:\Users\tomat\Documents\GitHub\KI_Exam02_KSH_ALTF4\ALTF4\Saved\Cooked\Windows\ALTF4\Metadata\Crypto.json -compressionMinBytesSaved=1024 -compressionMinPercentSaved=5 -WriteBackMetadataToAssetRegistry=Disabled -nopak
LogInit: Base Directory: C:/Program Files/Epic Games/UE_5.5/Engine/Binaries/Win64/
LogInit: Allocator: Mimalloc
LogInit: Installed Engine Build: 1
LogInit: This binary is optimized with LTO: no, PGO: no, instrumented for PGO data collection: no
LogDevObjectVersion: Number of dev versions registered: 35
LogDevObjectVersion:   Dev-Blueprints (B0D832E4-1F89-4F0D-ACCF-7EB736FD4AA2): 10
LogDevObjectVersion:   Dev-Build (E1C64328-A22C-4D53-A36C-8E866417BD8C): 0
LogDevObjectVersion:   Dev-Core (375EC13C-06E4-48FB-B500-84F0262A717E): 4
LogDevObjectVersion:   Dev-Editor (E4B068ED-F494-42E9-A231-DA0B2E46BB41): 40
LogDevObjectVersion:   Dev-Framework (CFFC743F-43B0-4480-9391-14DF171D2073): 37
LogDevObjectVersion:   Dev-Mobile (B02B49B5-BB20-44E9-A304-32B752E40360): 3
LogDevObjectVersion:   Dev-Networking (A4E4105C-59A1-49B5-A7C5-40C4547EDFEE): 0
LogDevObjectVersion:   Dev-Online (39C831C9-5AE6-47DC-9A44-9C173E1C8E7C): 0
LogDevObjectVersion:   Dev-Physics (78F01B33-EBEA-4F98-B9B4-84EACCB95AA2): 20
LogDevObjectVersion:   Dev-Platform (6631380F-2D4D-43E0-8009-CF276956A95A): 0
LogDevObjectVersion:   Dev-Rendering (12F88B9F-8875-4AFC-A67C-D90C383ABD29): 49
LogDevObjectVersion:   Dev-Sequencer (7B5AE74C-D270-4C10-A958-57980B212A5A): 13
LogDevObjectVersion:   Dev-VR (D7296918-1DD6-4BDD-9DE2-64A83CC13884): 3
LogDevObjectVersion:   Dev-LoadTimes (C2A15278-BFE7-4AFE-6C17-90FF531DF755): 1
LogDevObjectVersion:   Private-Geometry (6EACA3D4-40EC-4CC1-B786-8BED09428FC5): 3
LogDevObjectVersion:   Dev-AnimPhys (29E575DD-E0A3-4627-9D10-D276232CDCEA): 17
LogDevObjectVersion:   Dev-Anim (AF43A65D-7FD3-4947-9873-3E8ED9C1BB05): 15
LogDevObjectVersion:   Dev-ReflectionCapture (6B266CEC-1EC7-4B8F-A30B-E4D90942FC07): 1
LogDevObjectVersion:   Dev-Automation (0DF73D61-A23F-47EA-B727-89E90C41499A): 1
LogDevObjectVersion:   FortniteMain (601D1886-AC64-4F84-AA16-D3DE0DEAC7D6): 170
LogDevObjectVersion:   FortniteValkyrie (8DBC2C5B-54A7-43E0-A768-FCBB7DA29060): 8
LogDevObjectVersion:   FortniteSeason (5B4C06B7-2463-4AF8-805B-BF70CDF5D0DD): 13
LogDevObjectVersion:   FortniteRelease (E7086368-6B23-4C58-8439-1B7016265E91): 15
LogDevObjectVersion:   Dev-Enterprise (9DFFBCD6-494F-0158-E221-12823C92A888): 10
LogDevObjectVersion:   Dev-Niagara (F2AED0AC-9AFE-416F-8664-AA7FFA26D6FC): 1
LogDevObjectVersion:   Dev-Destruction (174F1F0B-B4C6-45A5-B13F-2EE8D0FB917D): 10
LogDevObjectVersion:   Dev-Physics-Ext (35F94A83-E258-406C-A318-09F59610247C): 41
LogDevObjectVersion:   Dev-PhysicsMaterial-Chaos (B68FC16E-8B1B-42E2-B453-215C058844FE): 1
LogDevObjectVersion:   Dev-CineCamera (B2E18506-4273-CFC2-A54E-F4BB758BBA07): 1
LogDevObjectVersion:   Dev-VirtualProduction (64F58936-FD1B-42BA-BA96-7289D5D0FA4E): 1
LogDevObjectVersion:   UE5-Main (697DD581-E64F-41AB-AA4A-51ECBEB7B628): 119
LogDevObjectVersion:   UE5-Release (D89B5E42-24BD-4D46-8412-ACA8DF641779): 51
LogDevObjectVersion:   UE5-PrivateFrosty (59DA5D52-1232-4948-B878-597870B8E98B): 8
LogDevObjectVersion:   Dev-MediaFramework (6F0ED827-A609-4895-9C91-998D90180EA4): 2
LogDevObjectVersion:   Dev-NaniteResearch (30D58BE3-95EA-4282-A6E3-B159D8EBB06A): 1
LogConfig: Branch 'PlatformCrypto' had been unloaded. Reloading on-demand took 0.17ms
LogInit: Presizing for max 100000 objects, including 0 objects not considered by GC.
LogInit: Object subsystem initialized
LogConfig: Applying CVar settings from Section [Startup] File [../../../Engine/Config/ConsoleVariables.ini]
LogConfig: CVar [[r.DumpShaderDebugInfo:2]] deferred - dummy variable created
LogConfig: CVar [[p.chaos.AllowCreatePhysxBodies:1]] deferred - dummy variable created
LogConfig: CVar [[fx.SkipVectorVMBackendOptimizations:1]] deferred - dummy variable created
LogConfig: CVar [[ds.CADTranslator.Meshing.ActivateThinZoneMeshing:0]] deferred - dummy variable created
LogConfig: CVar [[ds.CADTranslator.Stitching.RemoveThinFaces:0]] deferred - dummy variable created
LogConfig: Applying CVar settings from Section [Startup_Windows] File [../../../Engine/Config/ConsoleVariables.ini]
[2025.11.05-13.26.30:484][  0]LogConfig: Applying CVar settings from Section [ConsoleVariables] File [Engine]
[2025.11.05-13.26.30:484][  0]LogConfig: Set CVar [[memory.MemoryPressureCriticalThresholdMB:512]]
[2025.11.05-13.26.30:484][  0]LogInit: Computer: DESKTOP-UB4TQUS
[2025.11.05-13.26.30:484][  0]LogInit: User: tomat
[2025.11.05-13.26.30:484][  0]LogInit: CPU Page size=4096, Cores=8
[2025.11.05-13.26.30:484][  0]LogInit: High frequency timer resolution =10.000000 MHz
[2025.11.05-13.26.30:577][  0]LogMemory: Process is running as part of a Windows Job with separate resource limits
[2025.11.05-13.26.30:577][  0]LogMemory: Memory total: Physical=31.1GB (32GB approx) Virtual=35.8GB
[2025.11.05-13.26.30:577][  0]LogMemory: Platform Memory Stats for WindowsEditor
[2025.11.05-13.26.30:577][  0]LogMemory: Process Physical Memory: 61.65 MB used, 62.43 MB peak
[2025.11.05-13.26.30:577][  0]LogMemory: Process Virtual Memory: 123.95 MB used, 123.95 MB peak
[2025.11.05-13.26.30:577][  0]LogMemory: Physical Memory: 16451.83 MB used,  15380.09 MB free, 31831.91 MB total
[2025.11.05-13.26.30:577][  0]LogMemory: Virtual Memory: 25814.68 MB used,  10881.23 MB free, 36695.91 MB total
[2025.11.05-13.26.30:581][  0]LogAssetRegistry: FAssetRegistry took 0.0001 seconds to start up
[2025.11.05-13.26.30:582][  0]LogUObjectArray: 438 objects as part of root set at end of initial load.
[2025.11.05-13.26.30:582][  0]LogUObjectArray: CloseDisregardForGC: 0/0 objects in disregard for GC pool
[2025.11.05-13.26.30:582][  0]LogInit: Using OS detected language ().
[2025.11.05-13.26.30:582][  0]LogInit: Using OS detected locale ().
[2025.11.05-13.26.30:582][  0]LogTextLocalizationManager: No localization for '' exists, so 'en' will be used for the language.
[2025.11.05-13.26.30:582][  0]LogTextLocalizationManager: No localization for '' exists, so 'en' will be used for the locale.
[2025.11.05-13.26.30:582][  0]LogInit: Using OS detected language ().
[2025.11.05-13.26.30:582][  0]LogInit: Using OS detected locale ().
[2025.11.05-13.26.30:582][  0]LogTextLocalizationManager: No localization for '' exists, so 'en' will be used for the language.
[2025.11.05-13.26.30:582][  0]LogTextLocalizationManager: No localization for '' exists, so 'en' will be used for the locale.
[2025.11.05-13.26.30:583][  0]LogPakFile: Display: ProjectDir: ../../../../../../Users/tomat/Documents/GitHub/KI_Exam02_KSH_ALTF4/ALTF4/
[2025.11.05-13.26.30:583][  0]LogIoStore: Display: ==================== IoStore Utils ====================
[2025.11.05-13.26.30:583][  0]LogIoStore: Display: Parsing crypto keys from a crypto key cache file 'C:\Users\tomat\Documents\GitHub\KI_Exam02_KSH_ALTF4\ALTF4\Saved\Cooked\Windows\ALTF4\Metadata\Crypto.json'
[2025.11.05-13.26.30:583][  0]LogIoStore: Display: Container signing - DISABLED
[2025.11.05-13.26.30:583][  0]LogIoStore: Display: Directory index - ENABLED
[2025.11.05-13.26.30:583][  0]LogIoStore: Display: Using compression format 'Oodle'
[2025.11.05-13.26.30:583][  0]LogIoStore: Display: Using memory mapping alignment '16384'
[2025.11.05-13.26.30:583][  0]LogIoStore: Display: Using compression block size '65536'
[2025.11.05-13.26.30:583][  0]LogIoStore: Display: Using compression block alignment '2048'
[2025.11.05-13.26.30:583][  0]LogIoStore: Display: Using compression min bytes saved '1024'
[2025.11.05-13.26.30:583][  0]LogIoStore: Display: Using compression min percent saved '5'
[2025.11.05-13.26.30:583][  0]LogIoStore: Display: Using max partition size '0'
[2025.11.05-13.26.30:583][  0]LogIoStore: Display: Not using DDC for compression
[2025.11.05-13.26.30:583][  0]LogIoStore: Display: Using command list file: 'C:\Users\tomat\AppData\Roaming\Unreal Engine\AutomationTool\Logs\C+Program+Files+Epic+Games+UE_5.5\IoStoreCommands.txt'
[2025.11.05-13.26.30:599][  0]LogIoStore: Display: Selected Oodle level 7 (Optimal3) from command line for shaders
[2025.11.05-13.26.30:600][  0]LogIoStore: Display: Fetched 2288 oplog items from Manifest in 0.00 seconds
[2025.11.05-13.26.30:606][  0]LogIoStore: Display: Parsed 2288 oplog items 0.01 seconds, 2980 chunks
[2025.11.05-13.26.30:614][  0]LogIoStore: Display: Using input asset registry: C:/Users/tomat/Documents/GitHub/KI_Exam02_KSH_ALTF4/ALTF4/Saved/Cooked/Windows/ALTF4/Metadata/DevelopmentAssetRegistry.bin
[2025.11.05-13.26.30:624][  0]LogIoStore: Display: Loaded 735 chunk hashes from AssetRegistry in 0.02 seconds, 735 hashes updated in 0.00 seconds
[2025.11.05-13.26.30:624][  0]LogIoStore: Display: Searching for cooked assets in folder 'C:\Users\tomat\Documents\GitHub\KI_Exam02_KSH_ALTF4\ALTF4\Saved\Cooked\Windows'
[2025.11.05-13.26.30:660][  0]LogIoStore: Display: Found '5233' files
[2025.11.05-13.26.30:670][  0]LogIoStore: Display: Creating container targets...
[2025.11.05-13.26.30:677][  0]OodleDataCompression: Display: Oodle v2.9.12 format for pak/iostore with method=Kraken, level=7=Optimal3
[2025.11.05-13.26.30:712][  0]LogIoStore: Display: Parsing packages...
[2025.11.05-13.26.30:712][  0]LogIoStore: Display: Reading package assets...
[2025.11.05-13.26.30:718][  0]LogIoStore: Display: Reading 1000/2245: 'C:/Users/tomat/Documents/GitHub/KI_Exam02_KSH_ALTF4/ALTF4/Saved/Cooked/Windows/ALTF4/Content/Fab/Megascans/3D/Desert_Western_Cliff_Layered_XL_01_veoneio/Low/T_veoneio_1K_N.uasset'
[2025.11.05-13.26.30:724][  0]LogIoStore: Display: Reading 2000/2245: 'C:/Users/tomat/Documents/GitHub/KI_Exam02_KSH_ALTF4/ALTF4/Saved/Cooked/Windows/ALTF4/Content/UIImage/Widget/0_PadAndKeyboard_Image/Keyboard/00_F6.uasset'
[2025.11.05-13.26.30:726][  0]LogIoStore: Display: Packages read 2,245 files in 0.01 seconds, 3,361,364 total bytes, 253,460,213 bytes per second
[2025.11.05-13.26.30:732][  0]LogIoStore: Display: Processing shader libraries, compressing with Oodle Mermaid, level 7 (Optimal3)
[2025.11.05-13.26.30:736][  0]LogShaderLibrary: Display: Created IoStoreShaderArchive header: shaders grouped in 339 groups (120 of them didn't need new indices), average uncompressed size 63329 bytes, min 445 bytes, max 965040 bytes (r.ShaderCodeLibrary.MaxShaderGroupSize=1048576)
[2025.11.05-13.26.31:267][  0]LogIoStore: Display: ALTF4-PCD3D_SM5(PCD3D_SM5): Recompressed 1860 shaders as 339 groups. Library size changed from 5941 KB (3.53 : 1 ratio) to 2169 KB (9.66 : 1 ratio), 36.51% of previous.
[2025.11.05-13.26.31:277][  0]LogShaderLibrary: Display: Created IoStoreShaderArchive header: shaders grouped in 386 groups (89 of them didn't need new indices), average uncompressed size 122665 bytes, min 2342 bytes, max 959531 bytes (r.ShaderCodeLibrary.MaxShaderGroupSize=1048576)
[2025.11.05-13.26.32:220][  0]LogIoStore: Display: ALTF4-PCD3D_SM6(PCD3D_SM6): Recompressed 3626 shaders as 386 groups. Library size changed from 35279 KB (1.31 : 1 ratio) to 22093 KB (2.09 : 1 ratio), 62.62% of previous.
[2025.11.05-13.26.32:228][  0]LogShaderLibrary: Display: Created IoStoreShaderArchive header: shaders grouped in 360 groups (135 of them didn't need new indices), average uncompressed size 155800 bytes, min 249 bytes, max 1047981 bytes (r.ShaderCodeLibrary.MaxShaderGroupSize=1048576)
[2025.11.05-13.26.33:593][  0]LogIoStore: Display: Global-PCD3D_SM5(PCD3D_SM5): Recompressed 3915 shaders as 360 groups. Library size changed from 12619 KB (4.34 : 1 ratio) to 4045 KB (13.54 : 1 ratio), 32.06% of previous.
[2025.11.05-13.26.33:618][  0]LogShaderLibrary: Display: Created IoStoreShaderArchive header: shaders grouped in 542 groups (183 of them didn't need new indices), average uncompressed size 211303 bytes, min 1249 bytes, max 1045875 bytes (r.ShaderCodeLibrary.MaxShaderGroupSize=1048576)
[2025.11.05-13.26.36:166][  0]LogIoStore: Display: Global-PCD3D_SM6(PCD3D_SM6): Recompressed 7584 shaders as 542 groups. Library size changed from 85603 KB (1.31 : 1 ratio) to 44660 KB (2.50 : 1 ratio), 52.17% of previous.
[2025.11.05-13.26.36:169][  0]LogIoStore: Display: Shaders processed in 5.44 seconds
[2025.11.05-13.26.36:170][  0]LogIoStore: Display: Initialized WriteRequestManager with MaxConcurrentSourceReads=8 (16 cores), MaxSourceBufferMemory=3072MiB
[2025.11.05-13.26.36:174][  0]LogIoStore: Display: Processing redirects...
[2025.11.05-13.26.36:174][  0]LogIoStore: Display: Creating disk layout...
[2025.11.05-13.26.36:176][  0]LogIoStore: Display: Ordered 2245 packages using fallback bundle order
[2025.11.05-13.26.36:185][  0]LogIoStore: Display: Serializing container(s)...
[2025.11.05-13.26.38:186][  0]LogIoStore: Display: Writing chunks 1690/4611... [462 compressed] [9524 compression tasks] [Physical: 2792 MiB, Virtual: 5773 MiB]
[2025.11.05-13.26.40:186][  0]LogIoStore: Display: Writing chunks 1694/4611... [466 compressed] [9657 compression tasks] [Physical: 2822 MiB, Virtual: 5779 MiB]
[2025.11.05-13.26.42:194][  0]LogIoStore: Display: Writing chunks 1700/4611... [472 compressed] [9753 compression tasks] [Physical: 2854 MiB, Virtual: 5775 MiB]
[2025.11.05-13.26.44:194][  0]LogIoStore: Display: Writing chunks 1704/4611... [476 compressed] [9580 compression tasks] [Physical: 2857 MiB, Virtual: 5741 MiB]
[2025.11.05-13.26.46:204][  0]LogIoStore: Display: Writing chunks 1712/4611... [484 compressed] [9203 compression tasks] [Physical: 2804 MiB, Virtual: 5647 MiB]
[2025.11.05-13.26.48:205][  0]LogIoStore: Display: Writing chunks 2107/4611... [753 compressed] [8563 compression tasks] [Physical: 2749 MiB, Virtual: 5547 MiB]
[2025.11.05-13.26.50:206][  0]LogIoStore: Display: Writing chunks 2634/4611... [1134 compressed] [7752 compression tasks] [Physical: 2740 MiB, Virtual: 5468 MiB]
[2025.11.05-13.26.52:207][  0]LogIoStore: Display: Writing chunks 3082/4611... [1512 compressed] [6864 compression tasks] [Physical: 2756 MiB, Virtual: 5382 MiB]
[2025.11.05-13.26.54:208][  0]LogIoStore: Display: Writing chunks 3435/4611... [1837 compressed] [6084 compression tasks] [Physical: 2798 MiB, Virtual: 5366 MiB]
[2025.11.05-13.26.56:208][  0]LogIoStore: Display: Writing chunks 3735/4611... [2113 compressed] [5348 compression tasks] [Physical: 2838 MiB, Virtual: 5353 MiB]
[2025.11.05-13.26.58:208][  0]LogIoStore: Display: Writing chunks 3880/4611... [2250 compressed] [4702 compression tasks] [Physical: 2853 MiB, Virtual: 5261 MiB]
[2025.11.05-13.27.00:209][  0]LogIoStore: Display: Writing chunks 3924/4611... [2294 compressed] [4286 compression tasks] [Physical: 2867 MiB, Virtual: 5208 MiB]
[2025.11.05-13.27.02:210][  0]LogIoStore: Display: Writing chunks 3985/4611... [2355 compressed] [3818 compression tasks] [Physical: 2888 MiB, Virtual: 5156 MiB]
[2025.11.05-13.27.04:211][  0]LogIoStore: Display: Writing chunks 4061/4611... [2431 compressed] [3353 compression tasks] [Physical: 2925 MiB, Virtual: 5116 MiB]
[2025.11.05-13.27.06:212][  0]LogIoStore: Display: Writing chunks 4108/4611... [2478 compressed] [2888 compression tasks] [Physical: 2948 MiB, Virtual: 5070 MiB]
[2025.11.05-13.27.08:212][  0]LogIoStore: Display: Writing chunks 4147/4611... [2518 compressed] [2419 compression tasks] [Physical: 2937 MiB, Virtual: 4969 MiB]
[2025.11.05-13.27.10:214][  0]LogIoStore: Display: Writing chunks 4182/4611... [2557 compressed] [1904 compression tasks] [Physical: 2923 MiB, Virtual: 4848 MiB]
[2025.11.05-13.27.12:214][  0]LogIoStore: Display: Writing chunks 4291/4611... [2661 compressed] [1377 compression tasks] [Physical: 2945 MiB, Virtual: 4802 MiB]
[2025.11.05-13.27.14:215][  0]LogIoStore: Display: Writing chunks 4382/4611... [2753 compressed] [828 compression tasks] [Physical: 2909 MiB, Virtual: 4735 MiB]
[2025.11.05-13.27.16:215][  0]LogIoStore: Display: Writing chunks 4561/4611... [2931 compressed] [260 compression tasks] [Physical: 2896 MiB, Virtual: 4701 MiB]
[2025.11.05-13.27.17:077][  0]LogIoStore: Display: Writing and compressing took 40.71 seconds, writes to disk took 0.79 seconds for 1,092,193,792 bytes @ 1,381,909,449 bytes per second.
[2025.11.05-13.27.17:077][  0]LogIoStore: Display: global: Found perfect hashmap for 1 items.
[2025.11.05-13.27.17:078][  0]LogIoStore: Display: ALTF4-Windows: Found perfect hashmap for 4610 items.
[2025.11.05-13.27.17:086][  0]LogIoStore: Display: Finalize took 0.0 seconds for 2 writers to write 829,234 bytes, 104,036,584 bytes per second
[2025.11.05-13.27.17:086][  0]LogIoStore: Display: Writing tocs... [Physical: 2876 MiB, Virtual: 4668 MiB]
[2025.11.05-13.27.17:086][  0]LogIoStore: Display: 735 / 4,611 hashes were loaded from the hash database, by type:
[2025.11.05-13.27.17:086][  0]LogIoStore: Display:     BulkData                   735
[2025.11.05-13.27.17:086][  0]LogIoStore: Display: 2,980 / 4,611 chunks attempted to compress, by type:
[2025.11.05-13.27.17:086][  0]LogIoStore: Display:     ExportBundleData           2,245 / 2,245
[2025.11.05-13.27.17:086][  0]LogIoStore: Display:     BulkData                   735 / 735
[2025.11.05-13.27.17:086][  0]LogIoStore: Display:     ScriptObjects              0 / 1
[2025.11.05-13.27.17:086][  0]LogIoStore: Display:     ContainerHeader            0 / 1
[2025.11.05-13.27.17:086][  0]LogIoStore: Display:     ShaderCodeLibrary          0 / 4
[2025.11.05-13.27.17:086][  0]LogIoStore: Display:     ShaderCode                 0 / 1,625
[2025.11.05-13.27.17:086][  0]LogIoStore: Display: Source bytes read:
[2025.11.05-13.27.17:086][  0]LogIoStore: Display:     Zen:                                  0
[2025.11.05-13.27.17:086][  0]LogIoStore: Display:     Loose File:               3,475,393,541
[2025.11.05-13.27.17:086][  0]LogIoStore: Display:         ExportBundleData       2,351,384,044 bytes over 4,490 reads
[2025.11.05-13.27.17:086][  0]LogIoStore: Display:         BulkData               1,124,009,497 bytes over 735 reads
[2025.11.05-13.27.17:086][  0]LogIoStore: Display:     Memory:                     150,834,688
[2025.11.05-13.27.17:086][  0]LogIoStore: Display:         ShaderCodeLibrary         1,400,280 bytes over 8 reads
[2025.11.05-13.27.17:087][  0]LogIoStore: Display:         ShaderCode              149,434,408 bytes over 3,250 reads
[2025.11.05-13.27.17:087][  0]LogIoStore: Display: Calculating stats...
[2025.11.05-13.27.17:087][  0]LogIoStore: Display: 
[2025.11.05-13.27.17:087][  0]LogIoStore: Display: Container Summary
[2025.11.05-13.27.17:087][  0]LogIoStore: Display: ==================
[2025.11.05-13.27.17:087][  0]LogIoStore: Display: 
[2025.11.05-13.27.17:087][  0]LogIoStore: Display: Container                                               Flags      Chunk(s) #       TOC (KiB)       Raw Size (MiB)           Size (MiB)
[2025.11.05-13.27.17:087][  0]LogIoStore: Display: ----------------------------------------------------------------------------------------------------------------------------------------------
[2025.11.05-13.27.17:087][  0]LogIoStore: Display: global                                              -/-/-/-/-               1            0.62                 2.29                 2.29 -
[2025.11.05-13.27.17:087][  0]LogIoStore: Display: ALTF4-Windows                                       C/-/-/I/-            4610          809.18              2270.73              1039.31 (54.23% Oodle)
[2025.11.05-13.27.17:087][  0]LogIoStore: Display: ----------------------------------------------------------------------------------------------------------------------------------------------
[2025.11.05-13.27.17:087][  0]LogIoStore: Display: Total                                                                    4611          809.80              2273.02              1041.60
[2025.11.05-13.27.17:087][  0]LogIoStore: Display: 
[2025.11.05-13.27.17:087][  0]LogIoStore: Display: ** Flags: (C)ompressed / (E)ncrypted / (S)igned) / (I)ndexed) / (O)nDemand **
[2025.11.05-13.27.17:087][  0]LogIoStore: Display: 
[2025.11.05-13.27.17:087][  0]LogIoStore: Display: Compression block padding:     3.59 MiB
[2025.11.05-13.27.17:087][  0]LogIoStore: Display: 
[2025.11.05-13.27.17:087][  0]LogIoStore: Display: Container Directory Index
[2025.11.05-13.27.17:087][  0]LogIoStore: Display: ==========================
[2025.11.05-13.27.17:087][  0]LogIoStore: Display: 
[2025.11.05-13.27.17:087][  0]LogIoStore: Display: Container                                          Size (KiB)
[2025.11.05-13.27.17:087][  0]LogIoStore: Display: ----------------------------------------------------------------------------------------------------------------------------------------------
[2025.11.05-13.27.17:087][  0]LogIoStore: Display: global                                                   0.00
[2025.11.05-13.27.17:087][  0]LogIoStore: Display: ALTF4-Windows                                          126.98
[2025.11.05-13.27.17:087][  0]LogIoStore: Display: 
[2025.11.05-13.27.17:087][  0]LogIoStore: Display: Container Patch Report
[2025.11.05-13.27.17:087][  0]LogIoStore: Display: ========================
[2025.11.05-13.27.17:087][  0]LogIoStore: Display: 
[2025.11.05-13.27.17:087][  0]LogIoStore: Display: Container                                             Total #       Modified #          Added #   Modified (MiB)      Added (MiB)
[2025.11.05-13.27.17:087][  0]LogIoStore: Display: ----------------------------------------------------------------------------------------------------------------------------------------------
[2025.11.05-13.27.17:087][  0]LogIoStore: Display: global                                                      1                0                0             0.00             0.00
[2025.11.05-13.27.17:087][  0]LogIoStore: Display: ALTF4-Windows                                            4610                0             4610             0.00          1035.72
[2025.11.05-13.27.17:087][  0]LogIoStore: Display: 
[2025.11.05-13.27.17:087][  0]LogIoStore: Display: PackageStore
[2025.11.05-13.27.17:087][  0]LogIoStore: Display: =============
[2025.11.05-13.27.17:087][  0]LogIoStore: Display: 
[2025.11.05-13.27.17:087][  0]LogIoStore: Display: Container                                          Size (KiB)      Packages #     Localized #
[2025.11.05-13.27.17:087][  0]LogIoStore: Display: ----------------------------------------------------------------------------------------------------------------------------------------------
[2025.11.05-13.27.17:087][  0]LogIoStore: Display: ALTF4-Windows                                              65            2245               0
[2025.11.05-13.27.17:087][  0]LogIoStore: Display: ----------------------------------------------------------------------------------------------------------------------------------------------
[2025.11.05-13.27.17:087][  0]LogIoStore: Display: Total                                                      65            2245               0
[2025.11.05-13.27.17:087][  0]LogIoStore: Display: 
[2025.11.05-13.27.17:087][  0]LogIoStore: Display: 
[2025.11.05-13.27.17:087][  0]LogIoStore: Display: Input:      2245 Packages
[2025.11.05-13.27.17:087][  0]LogIoStore: Display: Input:      1.09 GB UExp
[2025.11.05-13.27.17:087][  0]LogIoStore: Display: Input:      0.00 GB UAsset
[2025.11.05-13.27.17:087][  0]LogIoStore: Display: Input:      1.05 GB UBulk
[2025.11.05-13.27.17:087][  0]LogIoStore: Display: Input:     47.56 MB for 902 Global shaders
[2025.11.05-13.27.17:087][  0]LogIoStore: Display: Input:      3.73 MB for 274 Shared shaders
[2025.11.05-13.27.17:087][  0]LogIoStore: Display: Input:      0.00 MB for 0 Unique shaders
[2025.11.05-13.27.17:087][  0]LogIoStore: Display: Input:     19.96 MB for 449 Inline shaders
[2025.11.05-13.27.17:087][  0]LogIoStore: Display: 
[2025.11.05-13.27.17:087][  0]LogIoStore: Display: Output:    17330 Name map entries
[2025.11.05-13.27.17:087][  0]LogIoStore: Display: Output:     2325 Imported package entries
[2025.11.05-13.27.17:087][  0]LogIoStore: Display: Output:     1536 Packages without imports
[2025.11.05-13.27.17:087][  0]LogIoStore: Display: Output:        0 Public runtime script objects
[2025.11.05-13.27.17:087][  0]LogIoStore: Display: Output:     0.00 GB HeaderData
[2025.11.05-13.27.17:087][  0]LogIoStore: Display: Output:     2.29 MB InitialLoadData
[2025.11.05-13.27.17:087][  0]LogIoStore: Display: 
[2025.11.05-13.27.17:090][  0]LogPakFile: Display: UnrealPak executed in 46.507808 seconds
[2025.11.05-13.27.17:093][  0]LogCore: Engine exit requested (reason: UnrealPak Exiting)
[2025.11.05-13.27.17:093][  0]LogExit: Preparing to exit.
[2025.11.05-13.27.17:093][  0]LogExit: Object subsystem successfully closed.
[2025.11.05-13.27.17:094][  0]LogPakFile: Destroying PakPlatformFile
[2025.11.05-13.27.17:095][  0]LogExit: Exiting.
[2025.11.05-13.27.17:104][  0]Log file closed, 11/05/25 22:27:17
