Log file open, 11/06/25 10:20:25
LogTrace: Initializing trace...
LogTrace: Finished trace initialization.
LogInit: Session CrashGUID >====================================================
         Session CrashGUID >   UECC-Windows-485B8A7F44C5CD161F99A6BB9714C098
         Session CrashGUID >====================================================
LogConfig: No local boot hotfix file found at: [../../../../../../Users/KGA/Documents/Unreal Projects/KI_Exam02_KSH_ALTF4/ALTF4/Saved/PersistentDownloadDir/HotfixForNextBoot.txt]
LogPluginManager: Mounting Engine plugin PlatformCrypto
LogInit: ExecutableName: UnrealPak.exe
LogInit: Build: ++UE5+Release-5.5-CL-40574608
LogInit: Platform=WindowsEditor
LogInit: MachineId=6afe5ef94e81793bb55250bbdd3e18f8
LogInit: DeviceId=
LogInit: Engine Version: 5.5.4-40574608+++UE5+Release-5.5
LogInit: Compatible Engine Version: 5.5.0-37670630+++UE5+Release-5.5
LogInit: Net CL: 37670630
LogInit: OS: Windows 10 (22H2) [10.0.19045.6456] (), CPU: AMD Ryzen 5 5600G with Radeon Graphics         , GPU: NVIDIA GeForce RTX 5060
LogInit: Compiled (64-bit): Mar  7 2025 14:59:45
LogInit: Architecture: x64
LogInit: Compiled with Visual C++: 19.38.33130.00
LogInit: Build Configuration: Development
LogInit: Branch Name: ++UE5+Release-5.5
LogInit: Command Line: -CreateGlobalContainer="C:\Users\KGA\Documents\Unreal Projects\KI_Exam02_KSH_ALTF4\ALTF4\Saved\StagedBuilds\Windows\ALTF4\Content\Paks\global.utoc" -PackageStoreManifest="C:\Users\KGA\Documents\Unreal Projects\KI_Exam02_KSH_ALTF4\ALTF4\Saved\Cooked\Windows\ALTF4\Metadata\packagestore.manifest" -CookedDirectory="C:\Users\KGA\Documents\Unreal Projects\KI_Exam02_KSH_ALTF4\ALTF4\Saved\Cooked\Windows" -Commands="C:\Users\KGA\AppData\Roaming\Unreal Engine\AutomationTool\Logs\C+Program+Files+Epic+Games+UE_5.5\IoStoreCommands.txt" -ScriptObjects="C:\Users\KGA\Documents\Unreal Projects\KI_Exam02_KSH_ALTF4\ALTF4\Saved\Cooked\Windows\ALTF4\Metadata\scriptobjects.bin" -patchpaddingalign=2048 -compressionformats=Oodle -compresslevel=7 -compressmethod=Kraken -cryptokeys="C:\Users\KGA\Documents\Unreal Projects\KI_Exam02_KSH_ALTF4\ALTF4\Saved\Cooked\Windows\ALTF4\Metadata\Crypto.json" -compressionMinBytesSaved=1024 -compressionMinPercentSaved=5 -WriteBackMetadataToAssetRegistry=Disabled -nopak
LogInit: Base Directory: C:/Program Files/Epic Games/UE_5.5/Engine/Binaries/Win64/
LogInit: Allocator: Mimalloc
LogInit: Installed Engine Build: 1
LogInit: This binary is optimized with LTO: no, PGO: no, instrumented for PGO data collection: no
LogDevObjectVersion: Number of dev versions registered: 35
LogDevObjectVersion:   Dev-Blueprints (B0D832E4-1F89-4F0D-ACCF-7EB736FD4AA2): 10
LogDevObjectVersion:   Dev-Build (E1C64328-A22C-4D53-A36C-8E866417BD8C): 0
LogDevObjectVersion:   Dev-Core (375EC13C-06E4-48FB-B500-84F0262A717E): 4
LogDevObjectVersion:   Dev-Editor (E4B068ED-F494-42E9-A231-DA0B2E46BB41): 40
LogDevObjectVersion:   Dev-Framework (CFFC743F-43B0-4480-9391-14DF171D2073): 37
LogDevObjectVersion:   Dev-Mobile (B02B49B5-BB20-44E9-A304-32B752E40360): 3
LogDevObjectVersion:   Dev-Networking (A4E4105C-59A1-49B5-A7C5-40C4547EDFEE): 0
LogDevObjectVersion:   Dev-Online (39C831C9-5AE6-47DC-9A44-9C173E1C8E7C): 0
LogDevObjectVersion:   Dev-Physics (78F01B33-EBEA-4F98-B9B4-84EACCB95AA2): 20
LogDevObjectVersion:   Dev-Platform (6631380F-2D4D-43E0-8009-CF276956A95A): 0
LogDevObjectVersion:   Dev-Rendering (12F88B9F-8875-4AFC-A67C-D90C383ABD29): 49
LogDevObjectVersion:   Dev-Sequencer (7B5AE74C-D270-4C10-A958-57980B212A5A): 13
LogDevObjectVersion:   Dev-VR (D7296918-1DD6-4BDD-9DE2-64A83CC13884): 3
LogDevObjectVersion:   Dev-LoadTimes (C2A15278-BFE7-4AFE-6C17-90FF531DF755): 1
LogDevObjectVersion:   Private-Geometry (6EACA3D4-40EC-4CC1-B786-8BED09428FC5): 3
LogDevObjectVersion:   Dev-AnimPhys (29E575DD-E0A3-4627-9D10-D276232CDCEA): 17
LogDevObjectVersion:   Dev-Anim (AF43A65D-7FD3-4947-9873-3E8ED9C1BB05): 15
LogDevObjectVersion:   Dev-ReflectionCapture (6B266CEC-1EC7-4B8F-A30B-E4D90942FC07): 1
LogDevObjectVersion:   Dev-Automation (0DF73D61-A23F-47EA-B727-89E90C41499A): 1
LogDevObjectVersion:   FortniteMain (601D1886-AC64-4F84-AA16-D3DE0DEAC7D6): 170
LogDevObjectVersion:   FortniteValkyrie (8DBC2C5B-54A7-43E0-A768-FCBB7DA29060): 8
LogDevObjectVersion:   FortniteSeason (5B4C06B7-2463-4AF8-805B-BF70CDF5D0DD): 13
LogDevObjectVersion:   FortniteRelease (E7086368-6B23-4C58-8439-1B7016265E91): 15
LogDevObjectVersion:   Dev-Enterprise (9DFFBCD6-494F-0158-E221-12823C92A888): 10
LogDevObjectVersion:   Dev-Niagara (F2AED0AC-9AFE-416F-8664-AA7FFA26D6FC): 1
LogDevObjectVersion:   Dev-Destruction (174F1F0B-B4C6-45A5-B13F-2EE8D0FB917D): 10
LogDevObjectVersion:   Dev-Physics-Ext (35F94A83-E258-406C-A318-09F59610247C): 41
LogDevObjectVersion:   Dev-PhysicsMaterial-Chaos (B68FC16E-8B1B-42E2-B453-215C058844FE): 1
LogDevObjectVersion:   Dev-CineCamera (B2E18506-4273-CFC2-A54E-F4BB758BBA07): 1
LogDevObjectVersion:   Dev-VirtualProduction (64F58936-FD1B-42BA-BA96-7289D5D0FA4E): 1
LogDevObjectVersion:   UE5-Main (697DD581-E64F-41AB-AA4A-51ECBEB7B628): 119
LogDevObjectVersion:   UE5-Release (D89B5E42-24BD-4D46-8412-ACA8DF641779): 51
LogDevObjectVersion:   UE5-PrivateFrosty (59DA5D52-1232-4948-B878-597870B8E98B): 8
LogDevObjectVersion:   Dev-MediaFramework (6F0ED827-A609-4895-9C91-998D90180EA4): 2
LogDevObjectVersion:   Dev-NaniteResearch (30D58BE3-95EA-4282-A6E3-B159D8EBB06A): 1
LogConfig: Branch 'PlatformCrypto' had been unloaded. Reloading on-demand took 0.28ms
LogInit: Presizing for max 100000 objects, including 0 objects not considered by GC.
LogInit: Object subsystem initialized
LogConfig: Applying CVar settings from Section [Startup] File [../../../Engine/Config/ConsoleVariables.ini]
LogConfig: CVar [[r.DumpShaderDebugInfo:2]] deferred - dummy variable created
LogConfig: CVar [[p.chaos.AllowCreatePhysxBodies:1]] deferred - dummy variable created
LogConfig: CVar [[fx.SkipVectorVMBackendOptimizations:1]] deferred - dummy variable created
LogConfig: CVar [[ds.CADTranslator.Meshing.ActivateThinZoneMeshing:0]] deferred - dummy variable created
LogConfig: CVar [[ds.CADTranslator.Stitching.RemoveThinFaces:0]] deferred - dummy variable created
LogConfig: Applying CVar settings from Section [Startup_Windows] File [../../../Engine/Config/ConsoleVariables.ini]
LogConfig: Applying CVar settings from Section [ConsoleVariables] File [Engine]
LogConfig: Set CVar [[memory.MemoryPressureCriticalThresholdMB:512]]
[2025.11.06-01.20.25:185][  0]LogInit: Computer: DESKTOP-S0E8UR3
[2025.11.06-01.20.25:185][  0]LogInit: User: KGA
[2025.11.06-01.20.25:185][  0]LogInit: CPU Page size=4096, Cores=6
[2025.11.06-01.20.25:185][  0]LogInit: High frequency timer resolution =10.000000 MHz
[2025.11.06-01.20.25:267][  0]LogMemory: Process is running as part of a Windows Job with separate resource limits
[2025.11.06-01.20.25:267][  0]LogMemory: Memory total: Physical=31.8GB (32GB approx) Virtual=36.5GB
[2025.11.06-01.20.25:267][  0]LogMemory: Platform Memory Stats for WindowsEditor
[2025.11.06-01.20.25:267][  0]LogMemory: Process Physical Memory: 54.18 MB used, 54.78 MB peak
[2025.11.06-01.20.25:267][  0]LogMemory: Process Virtual Memory: 110.98 MB used, 110.98 MB peak
[2025.11.06-01.20.25:267][  0]LogMemory: Physical Memory: 12818.26 MB used,  19732.66 MB free, 32550.92 MB total
[2025.11.06-01.20.25:267][  0]LogMemory: Virtual Memory: 16557.16 MB used,  20857.76 MB free, 37414.92 MB total
[2025.11.06-01.20.25:272][  0]LogAssetRegistry: FAssetRegistry took 0.0001 seconds to start up
[2025.11.06-01.20.25:272][  0]LogUObjectArray: 438 objects as part of root set at end of initial load.
[2025.11.06-01.20.25:272][  0]LogUObjectArray: CloseDisregardForGC: 0/0 objects in disregard for GC pool
[2025.11.06-01.20.25:272][  0]LogInit: Using OS detected language ().
[2025.11.06-01.20.25:272][  0]LogInit: Using OS detected locale ().
[2025.11.06-01.20.25:273][  0]LogTextLocalizationManager: No localization for '' exists, so 'en' will be used for the language.
[2025.11.06-01.20.25:273][  0]LogTextLocalizationManager: No localization for '' exists, so 'en' will be used for the locale.
[2025.11.06-01.20.25:273][  0]LogInit: Using OS detected language ().
[2025.11.06-01.20.25:273][  0]LogInit: Using OS detected locale ().
[2025.11.06-01.20.25:273][  0]LogTextLocalizationManager: No localization for '' exists, so 'en' will be used for the language.
[2025.11.06-01.20.25:274][  0]LogTextLocalizationManager: No localization for '' exists, so 'en' will be used for the locale.
[2025.11.06-01.20.25:274][  0]LogPakFile: Display: ProjectDir: ../../../../../../Users/KGA/Documents/Unreal Projects/KI_Exam02_KSH_ALTF4/ALTF4/
[2025.11.06-01.20.25:274][  0]LogIoStore: Display: ==================== IoStore Utils ====================
[2025.11.06-01.20.25:275][  0]LogIoStore: Display: Parsing crypto keys from a crypto key cache file 'C:\Users\KGA\Documents\Unreal Projects\KI_Exam02_KSH_ALTF4\ALTF4\Saved\Cooked\Windows\ALTF4\Metadata\Crypto.json'
[2025.11.06-01.20.25:277][  0]LogIoStore: Display: Container signing - DISABLED
[2025.11.06-01.20.25:277][  0]LogIoStore: Display: Directory index - ENABLED
[2025.11.06-01.20.25:277][  0]LogIoStore: Display: Using compression format 'Oodle'
[2025.11.06-01.20.25:277][  0]LogIoStore: Display: Using memory mapping alignment '16384'
[2025.11.06-01.20.25:277][  0]LogIoStore: Display: Using compression block size '65536'
[2025.11.06-01.20.25:277][  0]LogIoStore: Display: Using compression block alignment '2048'
[2025.11.06-01.20.25:277][  0]LogIoStore: Display: Using compression min bytes saved '1024'
[2025.11.06-01.20.25:277][  0]LogIoStore: Display: Using compression min percent saved '5'
[2025.11.06-01.20.25:277][  0]LogIoStore: Display: Using max partition size '0'
[2025.11.06-01.20.25:277][  0]LogIoStore: Display: Not using DDC for compression
[2025.11.06-01.20.25:277][  0]LogIoStore: Display: Using command list file: 'C:\Users\KGA\AppData\Roaming\Unreal Engine\AutomationTool\Logs\C+Program+Files+Epic+Games+UE_5.5\IoStoreCommands.txt'
[2025.11.06-01.20.25:283][  0]LogIoStore: Display: Selected Oodle level 7 (Optimal3) from command line for shaders
[2025.11.06-01.20.25:284][  0]LogIoStore: Display: Fetched 2304 oplog items from Manifest in 0.00 seconds
[2025.11.06-01.20.25:291][  0]LogIoStore: Display: Parsed 2304 oplog items 0.01 seconds, 2999 chunks
[2025.11.06-01.20.25:299][  0]LogIoStore: Display: Using input asset registry: C:/Users/KGA/Documents/Unreal Projects/KI_Exam02_KSH_ALTF4/ALTF4/Saved/Cooked/Windows/ALTF4/Metadata/DevelopmentAssetRegistry.bin
[2025.11.06-01.20.25:311][  0]LogIoStore: Display: Loaded 738 chunk hashes from AssetRegistry in 0.02 seconds, 738 hashes updated in 0.00 seconds
[2025.11.06-01.20.25:312][  0]LogIoStore: Display: Searching for cooked assets in folder 'C:\Users\KGA\Documents\Unreal Projects\KI_Exam02_KSH_ALTF4\ALTF4\Saved\Cooked\Windows'
[2025.11.06-01.20.25:346][  0]LogIoStore: Display: Found '5268' files
[2025.11.06-01.20.25:358][  0]LogIoStore: Display: Creating container targets...
[2025.11.06-01.20.25:368][  0]OodleDataCompression: Display: Oodle v2.9.12 format for pak/iostore with method=Kraken, level=7=Optimal3
[2025.11.06-01.20.25:401][  0]LogIoStore: Display: Parsing packages...
[2025.11.06-01.20.25:401][  0]LogIoStore: Display: Reading package assets...
[2025.11.06-01.20.25:406][  0]LogIoStore: Display: Reading 1000/2261: 'C:/Users/KGA/Documents/Unreal Projects/KI_Exam02_KSH_ALTF4/ALTF4/Saved/Cooked/Windows/ALTF4/Content/Map/ForRecord.umap'
[2025.11.06-01.20.25:409][  0]LogIoStore: Display: Reading 2000/2261: 'C:/Users/KGA/Documents/Unreal Projects/KI_Exam02_KSH_ALTF4/ALTF4/Saved/Cooked/Windows/ALTF4/Content/BluePrint/Trap/BP_WoodBridge1.uasset'
[2025.11.06-01.20.25:410][  0]LogIoStore: Display: Packages read 2,261 files in 0.01 seconds, 3,393,852 total bytes, 359,647,753 bytes per second
[2025.11.06-01.20.25:416][  0]LogIoStore: Display: Processing shader libraries, compressing with Oodle Mermaid, level 7 (Optimal3)
[2025.11.06-01.20.25:420][  0]LogShaderLibrary: Display: Created IoStoreShaderArchive header: shaders grouped in 341 groups (120 of them didn't need new indices), average uncompressed size 63042 bytes, min 445 bytes, max 965040 bytes (r.ShaderCodeLibrary.MaxShaderGroupSize=1048576)
[2025.11.06-01.20.25:995][  0]LogIoStore: Display: ALTF4-PCD3D_SM5(PCD3D_SM5): Recompressed 1864 shaders as 341 groups. Library size changed from 5951 KB (3.53 : 1 ratio) to 2175 KB (9.65 : 1 ratio), 36.55% of previous.
[2025.11.06-01.20.26:004][  0]LogShaderLibrary: Display: Created IoStoreShaderArchive header: shaders grouped in 386 groups (87 of them didn't need new indices), average uncompressed size 116964 bytes, min 2342 bytes, max 959531 bytes (r.ShaderCodeLibrary.MaxShaderGroupSize=1048576)
[2025.11.06-01.20.26:960][  0]LogIoStore: Display: ALTF4-PCD3D_SM6(PCD3D_SM6): Recompressed 3545 shaders as 386 groups. Library size changed from 33666 KB (1.31 : 1 ratio) to 21060 KB (2.09 : 1 ratio), 62.56% of previous.
[2025.11.06-01.20.26:966][  0]LogShaderLibrary: Display: Created IoStoreShaderArchive header: shaders grouped in 360 groups (135 of them didn't need new indices), average uncompressed size 155800 bytes, min 249 bytes, max 1047981 bytes (r.ShaderCodeLibrary.MaxShaderGroupSize=1048576)
[2025.11.06-01.20.28:479][  0]LogIoStore: Display: Global-PCD3D_SM5(PCD3D_SM5): Recompressed 3915 shaders as 360 groups. Library size changed from 12619 KB (4.34 : 1 ratio) to 4045 KB (13.54 : 1 ratio), 32.06% of previous.
[2025.11.06-01.20.28:503][  0]LogShaderLibrary: Display: Created IoStoreShaderArchive header: shaders grouped in 542 groups (183 of them didn't need new indices), average uncompressed size 211303 bytes, min 1249 bytes, max 1045875 bytes (r.ShaderCodeLibrary.MaxShaderGroupSize=1048576)
[2025.11.06-01.20.31:786][  0]LogIoStore: Display: Global-PCD3D_SM6(PCD3D_SM6): Recompressed 7584 shaders as 542 groups. Library size changed from 85603 KB (1.31 : 1 ratio) to 44660 KB (2.50 : 1 ratio), 52.17% of previous.
[2025.11.06-01.20.31:790][  0]LogIoStore: Display: Shaders processed in 6.37 seconds
[2025.11.06-01.20.31:791][  0]LogIoStore: Display: Initialized WriteRequestManager with MaxConcurrentSourceReads=6 (12 cores), MaxSourceBufferMemory=3072MiB
[2025.11.06-01.20.31:794][  0]LogIoStore: Display: Processing redirects...
[2025.11.06-01.20.31:795][  0]LogIoStore: Display: Creating disk layout...
[2025.11.06-01.20.31:798][  0]LogIoStore: Display: Ordered 2261 packages using fallback bundle order
[2025.11.06-01.20.31:811][  0]LogIoStore: Display: Serializing container(s)...
[2025.11.06-01.20.33:811][  0]LogIoStore: Display: Writing chunks 1542/4632... [323 compressed] [9706 compression tasks] [Physical: 2638 MiB, Virtual: 5626 MiB]
[2025.11.06-01.20.35:813][  0]LogIoStore: Display: Writing chunks 1701/4632... [471 compressed] [9488 compression tasks] [Physical: 2690 MiB, Virtual: 5669 MiB]
[2025.11.06-01.20.37:818][  0]LogIoStore: Display: Writing chunks 1705/4632... [475 compressed] [9690 compression tasks] [Physical: 2705 MiB, Virtual: 5662 MiB]
[2025.11.06-01.20.39:819][  0]LogIoStore: Display: Writing chunks 1709/4632... [479 compressed] [9748 compression tasks] [Physical: 2727 MiB, Virtual: 5669 MiB]
[2025.11.06-01.20.41:819][  0]LogIoStore: Display: Writing chunks 1711/4632... [481 compressed] [9745 compression tasks] [Physical: 2753 MiB, Virtual: 5676 MiB]
[2025.11.06-01.20.43:822][  0]LogIoStore: Display: Writing chunks 1713/4632... [483 compressed] [9690 compression tasks] [Physical: 2786 MiB, Virtual: 5673 MiB]
[2025.11.06-01.20.45:822][  0]LogIoStore: Display: Writing chunks 1717/4632... [488 compressed] [9556 compression tasks] [Physical: 2745 MiB, Virtual: 5602 MiB]
[2025.11.06-01.20.47:822][  0]LogIoStore: Display: Writing chunks 1723/4632... [493 compressed] [9328 compression tasks] [Physical: 2716 MiB, Virtual: 5542 MiB]
[2025.11.06-01.20.49:823][  0]LogIoStore: Display: Writing chunks 1723/4632... [494 compressed] [9101 compression tasks] [Physical: 2735 MiB, Virtual: 5542 MiB]
[2025.11.06-01.20.51:824][  0]LogIoStore: Display: Writing chunks 2120/4632... [764 compressed] [8605 compression tasks] [Physical: 2668 MiB, Virtual: 5433 MiB]
[2025.11.06-01.20.53:825][  0]LogIoStore: Display: Writing chunks 2521/4632... [1048 compressed] [8081 compression tasks] [Physical: 2658 MiB, Virtual: 5390 MiB]
[2025.11.06-01.20.55:829][  0]LogIoStore: Display: Writing chunks 2670/4632... [1174 compressed] [7717 compression tasks] [Physical: 2646 MiB, Virtual: 5344 MiB]
[2025.11.06-01.20.57:840][  0]LogIoStore: Display: Writing chunks 2894/4632... [1343 compressed] [7369 compression tasks] [Physical: 2666 MiB, Virtual: 5331 MiB]
[2025.11.06-01.20.59:841][  0]LogIoStore: Display: Writing chunks 3106/4632... [1537 compressed] [6877 compression tasks] [Physical: 2670 MiB, Virtual: 5277 MiB]
[2025.11.06-01.21.01:841][  0]LogIoStore: Display: Writing chunks 3352/4632... [1766 compressed] [6359 compression tasks] [Physical: 2694 MiB, Virtual: 5265 MiB]
[2025.11.06-01.21.03:844][  0]LogIoStore: Display: Writing chunks 3521/4632... [1910 compressed] [5983 compression tasks] [Physical: 2711 MiB, Virtual: 5253 MiB]
[2025.11.06-01.21.05:850][  0]LogIoStore: Display: Writing chunks 3707/4632... [2084 compressed] [5541 compression tasks] [Physical: 2735 MiB, Virtual: 5246 MiB]
[2025.11.06-01.21.07:862][  0]LogIoStore: Display: Writing chunks 3808/4632... [2178 compressed] [5193 compression tasks] [Physical: 2765 MiB, Virtual: 5239 MiB]
[2025.11.06-01.21.09:862][  0]LogIoStore: Display: Writing chunks 3893/4632... [2261 compressed] [4812 compression tasks] [Physical: 2751 MiB, Virtual: 5162 MiB]
[2025.11.06-01.21.11:862][  0]LogIoStore: Display: Writing chunks 3914/4632... [2282 compressed] [4572 compression tasks] [Physical: 2768 MiB, Virtual: 5139 MiB]
[2025.11.06-01.21.13:863][  0]LogIoStore: Display: Writing chunks 3948/4632... [2316 compressed] [4284 compression tasks] [Physical: 2770 MiB, Virtual: 5092 MiB]
[2025.11.06-01.21.15:863][  0]LogIoStore: Display: Writing chunks 3978/4632... [2346 compressed] [4001 compression tasks] [Physical: 2782 MiB, Virtual: 5058 MiB]
[2025.11.06-01.21.17:864][  0]LogIoStore: Display: Writing chunks 4025/4632... [2393 compressed] [3716 compression tasks] [Physical: 2799 MiB, Virtual: 5035 MiB]
[2025.11.06-01.21.19:865][  0]LogIoStore: Display: Writing chunks 4075/4632... [2443 compressed] [3414 compression tasks] [Physical: 2827 MiB, Virtual: 5006 MiB]
[2025.11.06-01.21.21:865][  0]LogIoStore: Display: Writing chunks 4109/4632... [2477 compressed] [3135 compression tasks] [Physical: 2861 MiB, Virtual: 5004 MiB]
[2025.11.06-01.21.23:865][  0]LogIoStore: Display: Writing chunks 4130/4632... [2498 compressed] [2851 compression tasks] [Physical: 2847 MiB, Virtual: 4942 MiB]
[2025.11.06-01.21.25:867][  0]LogIoStore: Display: Writing chunks 4162/4632... [2530 compressed] [2515 compression tasks] [Physical: 2841 MiB, Virtual: 4867 MiB]
[2025.11.06-01.21.27:867][  0]LogIoStore: Display: Writing chunks 4178/4632... [2546 compressed] [2251 compression tasks] [Physical: 2833 MiB, Virtual: 4809 MiB]
[2025.11.06-01.21.29:868][  0]LogIoStore: Display: Writing chunks 4201/4632... [2569 compressed] [1928 compression tasks] [Physical: 2815 MiB, Virtual: 4723 MiB]
[2025.11.06-01.21.31:868][  0]LogIoStore: Display: Writing chunks 4276/4632... [2644 compressed] [1579 compression tasks] [Physical: 2837 MiB, Virtual: 4692 MiB]
[2025.11.06-01.21.33:869][  0]LogIoStore: Display: Writing chunks 4328/4632... [2696 compressed] [1254 compression tasks] [Physical: 2821 MiB, Virtual: 4652 MiB]
[2025.11.06-01.21.35:869][  0]LogIoStore: Display: Writing chunks 4398/4632... [2766 compressed] [891 compression tasks] [Physical: 2803 MiB, Virtual: 4624 MiB]
[2025.11.06-01.21.37:870][  0]LogIoStore: Display: Writing chunks 4518/4632... [2891 compressed] [515 compression tasks] [Physical: 2789 MiB, Virtual: 4596 MiB]
[2025.11.06-01.21.39:871][  0]LogIoStore: Display: Writing chunks 4588/4632... [2956 compressed] [201 compression tasks] [Physical: 2780 MiB, Virtual: 4573 MiB]
[2025.11.06-01.21.40:893][  0]LogIoStore: Display: Writing and compressing took 68.84 seconds, writes to disk took 0.86 seconds for 1,099,599,776 bytes @ 1,273,293,424 bytes per second.
[2025.11.06-01.21.40:893][  0]LogIoStore: Display: global: Found perfect hashmap for 1 items.
[2025.11.06-01.21.40:894][  0]LogIoStore: Display: ALTF4-Windows: Found perfect hashmap for 4631 items.
[2025.11.06-01.21.40:900][  0]LogIoStore: Display: Finalize took 0.0 seconds for 2 writers to write 835,445 bytes, 121,928,955 bytes per second
[2025.11.06-01.21.40:900][  0]LogIoStore: Display: Writing tocs... [Physical: 2774 MiB, Virtual: 4558 MiB]
[2025.11.06-01.21.40:900][  0]LogIoStore: Display: 738 / 4,632 hashes were loaded from the hash database, by type:
[2025.11.06-01.21.40:900][  0]LogIoStore: Display:     BulkData                   738
[2025.11.06-01.21.40:900][  0]LogIoStore: Display: 2,999 / 4,632 chunks attempted to compress, by type:
[2025.11.06-01.21.40:900][  0]LogIoStore: Display:     ExportBundleData           2,261 / 2,261
[2025.11.06-01.21.40:900][  0]LogIoStore: Display:     BulkData                   738 / 738
[2025.11.06-01.21.40:900][  0]LogIoStore: Display:     ScriptObjects              0 / 1
[2025.11.06-01.21.40:900][  0]LogIoStore: Display:     ContainerHeader            0 / 1
[2025.11.06-01.21.40:900][  0]LogIoStore: Display:     ShaderCodeLibrary          0 / 4
[2025.11.06-01.21.40:900][  0]LogIoStore: Display:     ShaderCode                 0 / 1,627
[2025.11.06-01.21.40:900][  0]LogIoStore: Display: Source bytes read:
[2025.11.06-01.21.40:900][  0]LogIoStore: Display:     Zen:                                  0
[2025.11.06-01.21.40:900][  0]LogIoStore: Display:     Loose File:               3,511,676,365
[2025.11.06-01.21.40:900][  0]LogIoStore: Display:         ExportBundleData       2,377,605,944 bytes over 4,522 reads
[2025.11.06-01.21.40:900][  0]LogIoStore: Display:         BulkData               1,134,070,421 bytes over 738 reads
[2025.11.06-01.21.40:900][  0]LogIoStore: Display:     Memory:                     148,727,496
[2025.11.06-01.21.40:900][  0]LogIoStore: Display:         ShaderCodeLibrary         1,395,456 bytes over 8 reads
[2025.11.06-01.21.40:900][  0]LogIoStore: Display:         ShaderCode              147,332,040 bytes over 3,254 reads
[2025.11.06-01.21.40:900][  0]LogIoStore: Display: Calculating stats...
[2025.11.06-01.21.40:900][  0]LogIoStore: Display: 
[2025.11.06-01.21.40:900][  0]LogIoStore: Display: Container Summary
[2025.11.06-01.21.40:900][  0]LogIoStore: Display: ==================
[2025.11.06-01.21.40:900][  0]LogIoStore: Display: 
[2025.11.06-01.21.40:900][  0]LogIoStore: Display: Container                                               Flags      Chunk(s) #       TOC (KiB)       Raw Size (MiB)           Size (MiB)
[2025.11.06-01.21.40:900][  0]LogIoStore: Display: ----------------------------------------------------------------------------------------------------------------------------------------------
[2025.11.06-01.21.40:900][  0]LogIoStore: Display: global                                              -/-/-/-/-               1            0.63                 2.32                 2.32 -
[2025.11.06-01.21.40:900][  0]LogIoStore: Display: ALTF4-Windows                                       C/-/-/I/-            4631          815.23              2291.87              1046.34 (54.35% Oodle)
[2025.11.06-01.21.40:900][  0]LogIoStore: Display: ----------------------------------------------------------------------------------------------------------------------------------------------
[2025.11.06-01.21.40:900][  0]LogIoStore: Display: Total                                                                    4632          815.86              2294.19              1048.66
[2025.11.06-01.21.40:900][  0]LogIoStore: Display: 
[2025.11.06-01.21.40:900][  0]LogIoStore: Display: ** Flags: (C)ompressed / (E)ncrypted / (S)igned) / (I)ndexed) / (O)nDemand **
[2025.11.06-01.21.40:900][  0]LogIoStore: Display: 
[2025.11.06-01.21.40:900][  0]LogIoStore: Display: Compression block padding:     3.61 MiB
[2025.11.06-01.21.40:900][  0]LogIoStore: Display: 
[2025.11.06-01.21.40:900][  0]LogIoStore: Display: Container Directory Index
[2025.11.06-01.21.40:900][  0]LogIoStore: Display: ==========================
[2025.11.06-01.21.40:900][  0]LogIoStore: Display: 
[2025.11.06-01.21.40:900][  0]LogIoStore: Display: Container                                          Size (KiB)
[2025.11.06-01.21.40:901][  0]LogIoStore: Display: ----------------------------------------------------------------------------------------------------------------------------------------------
[2025.11.06-01.21.40:901][  0]LogIoStore: Display: global                                                   0.00
[2025.11.06-01.21.40:901][  0]LogIoStore: Display: ALTF4-Windows                                          127.89
[2025.11.06-01.21.40:901][  0]LogIoStore: Display: 
[2025.11.06-01.21.40:901][  0]LogIoStore: Display: Container Patch Report
[2025.11.06-01.21.40:901][  0]LogIoStore: Display: ========================
[2025.11.06-01.21.40:901][  0]LogIoStore: Display: 
[2025.11.06-01.21.40:901][  0]LogIoStore: Display: Container                                             Total #       Modified #          Added #   Modified (MiB)      Added (MiB)
[2025.11.06-01.21.40:901][  0]LogIoStore: Display: ----------------------------------------------------------------------------------------------------------------------------------------------
[2025.11.06-01.21.40:901][  0]LogIoStore: Display: global                                                      1                0                0             0.00             0.00
[2025.11.06-01.21.40:901][  0]LogIoStore: Display: ALTF4-Windows                                            4631                0             4631             0.00          1042.73
[2025.11.06-01.21.40:901][  0]LogIoStore: Display: 
[2025.11.06-01.21.40:901][  0]LogIoStore: Display: PackageStore
[2025.11.06-01.21.40:901][  0]LogIoStore: Display: =============
[2025.11.06-01.21.40:901][  0]LogIoStore: Display: 
[2025.11.06-01.21.40:901][  0]LogIoStore: Display: Container                                          Size (KiB)      Packages #     Localized #
[2025.11.06-01.21.40:901][  0]LogIoStore: Display: ----------------------------------------------------------------------------------------------------------------------------------------------
[2025.11.06-01.21.40:901][  0]LogIoStore: Display: ALTF4-Windows                                              65            2261               0
[2025.11.06-01.21.40:901][  0]LogIoStore: Display: ----------------------------------------------------------------------------------------------------------------------------------------------
[2025.11.06-01.21.40:901][  0]LogIoStore: Display: Total                                                      65            2261               0
[2025.11.06-01.21.40:901][  0]LogIoStore: Display: 
[2025.11.06-01.21.40:901][  0]LogIoStore: Display: 
[2025.11.06-01.21.40:901][  0]LogIoStore: Display: Input:      2261 Packages
[2025.11.06-01.21.40:901][  0]LogIoStore: Display: Input:      1.11 GB UExp
[2025.11.06-01.21.40:901][  0]LogIoStore: Display: Input:      0.00 GB UAsset
[2025.11.06-01.21.40:901][  0]LogIoStore: Display: Input:      1.06 GB UBulk
[2025.11.06-01.21.40:901][  0]LogIoStore: Display: Input:     47.56 MB for 902 Global shaders
[2025.11.06-01.21.40:901][  0]LogIoStore: Display: Input:      3.36 MB for 276 Shared shaders
[2025.11.06-01.21.40:901][  0]LogIoStore: Display: Input:      0.00 MB for 0 Unique shaders
[2025.11.06-01.21.40:901][  0]LogIoStore: Display: Input:     19.33 MB for 449 Inline shaders
[2025.11.06-01.21.40:901][  0]LogIoStore: Display: 
[2025.11.06-01.21.40:901][  0]LogIoStore: Display: Output:    17456 Name map entries
[2025.11.06-01.21.40:901][  0]LogIoStore: Display: Output:     2351 Imported package entries
[2025.11.06-01.21.40:901][  0]LogIoStore: Display: Output:     1550 Packages without imports
[2025.11.06-01.21.40:901][  0]LogIoStore: Display: Output:        0 Public runtime script objects
[2025.11.06-01.21.40:901][  0]LogIoStore: Display: Output:     0.00 GB HeaderData
[2025.11.06-01.21.40:901][  0]LogIoStore: Display: Output:     2.32 MB InitialLoadData
[2025.11.06-01.21.40:901][  0]LogIoStore: Display: 
[2025.11.06-01.21.40:904][  0]LogPakFile: Display: UnrealPak executed in 75.630643 seconds
[2025.11.06-01.21.40:905][  0]LogCore: Engine exit requested (reason: UnrealPak Exiting)
[2025.11.06-01.21.40:905][  0]LogExit: Preparing to exit.
[2025.11.06-01.21.40:905][  0]LogExit: Object subsystem successfully closed.
[2025.11.06-01.21.40:906][  0]LogPakFile: Destroying PakPlatformFile
[2025.11.06-01.21.40:906][  0]LogExit: Exiting.
[2025.11.06-01.21.40:916][  0]Log file closed, 11/06/25 10:21:40
